Component: ARM Compiler 5.06 update 6 (build 750) Tool: armlink [4d35ed]

==============================================================================

Section Cross References

    startup_stm32f103xb.o(RESET) refers to startup_stm32f103xb.o(STACK) for __initial_sp
    startup_stm32f103xb.o(RESET) refers to startup_stm32f103xb.o(.text) for Reset_Handler
    startup_stm32f103xb.o(RESET) refers to stm32f1xx_it.o(i.NMI_Handler) for NMI_Handler
    startup_stm32f103xb.o(RESET) refers to stm32f1xx_it.o(i.HardFault_Handler) for HardFault_Handler
    startup_stm32f103xb.o(RESET) refers to stm32f1xx_it.o(i.MemManage_Handler) for MemManage_Handler
    startup_stm32f103xb.o(RESET) refers to stm32f1xx_it.o(i.BusFault_Handler) for BusFault_Handler
    startup_stm32f103xb.o(RESET) refers to stm32f1xx_it.o(i.UsageFault_Handler) for UsageFault_Handler
    startup_stm32f103xb.o(RESET) refers to stm32f1xx_it.o(i.SVC_Handler) for SVC_Handler
    startup_stm32f103xb.o(RESET) refers to stm32f1xx_it.o(i.DebugMon_Handler) for DebugMon_Handler
    startup_stm32f103xb.o(RESET) refers to stm32f1xx_it.o(i.PendSV_Handler) for PendSV_Handler
    startup_stm32f103xb.o(RESET) refers to stm32f1xx_it.o(i.SysTick_Handler) for SysTick_Handler
    startup_stm32f103xb.o(RESET) refers to stm32f1xx_it.o(i.USB_LP_CAN1_RX0_IRQHandler) for USB_LP_CAN1_RX0_IRQHandler
    startup_stm32f103xb.o(.text) refers to system_stm32f1xx.o(i.SystemInit) for SystemInit
    startup_stm32f103xb.o(.text) refers to entry.o(.ARM.Collect$$$$00000000) for __main
    main.o(i.SystemClock_Config) refers to memseta.o(.text) for __aeabi_memclr4
    main.o(i.SystemClock_Config) refers to stm32f1xx_hal_rcc.o(i.HAL_RCC_OscConfig) for HAL_RCC_OscConfig
    main.o(i.SystemClock_Config) refers to stm32f1xx_hal_rcc.o(i.HAL_RCC_ClockConfig) for HAL_RCC_ClockConfig
    main.o(i.SystemClock_Config) refers to stm32f1xx_hal_rcc_ex.o(i.HAL_RCCEx_PeriphCLKConfig) for HAL_RCCEx_PeriphCLKConfig
    main.o(i.main) refers to stm32f1xx_hal.o(i.HAL_Init) for HAL_Init
    main.o(i.main) refers to main.o(i.SystemClock_Config) for SystemClock_Config
    main.o(i.main) refers to gpio.o(i.MX_GPIO_Init) for MX_GPIO_Init
    main.o(i.main) refers to i2c.o(i.MX_I2C1_Init) for MX_I2C1_Init
    main.o(i.main) refers to i2c.o(i.MX_I2C2_Init) for MX_I2C2_Init
    main.o(i.main) refers to spi.o(i.MX_SPI1_Init) for MX_SPI1_Init
    main.o(i.main) refers to usb_device.o(i.MX_USB_DEVICE_Init) for MX_USB_DEVICE_Init
    main.o(i.main) refers to hmc5883l.o(i.HMC5883l_Init) for HMC5883l_Init
    main.o(i.main) refers to stm32f1xx_hal.o(i.HAL_Delay) for HAL_Delay
    main.o(i.main) refers to hmc5883l.o(i.get_direction_str) for get_direction_str
    main.o(i.main) refers to usbd_cdc_if.o(i.CDC_Transmit_FS) for CDC_Transmit_FS
    main.o(i.main) refers to main.o(.data) for .data
    gpio.o(i.MX_GPIO_Init) refers to stm32f1xx_hal_gpio.o(i.HAL_GPIO_WritePin) for HAL_GPIO_WritePin
    gpio.o(i.MX_GPIO_Init) refers to stm32f1xx_hal_gpio.o(i.HAL_GPIO_Init) for HAL_GPIO_Init
    i2c.o(i.HAL_I2C_MspDeInit) refers to stm32f1xx_hal_gpio.o(i.HAL_GPIO_DeInit) for HAL_GPIO_DeInit
    i2c.o(i.HAL_I2C_MspInit) refers to stm32f1xx_hal_gpio.o(i.HAL_GPIO_Init) for HAL_GPIO_Init
    i2c.o(i.MX_I2C1_Init) refers to stm32f1xx_hal_i2c.o(i.HAL_I2C_Init) for HAL_I2C_Init
    i2c.o(i.MX_I2C1_Init) refers to main.o(i.Error_Handler) for Error_Handler
    i2c.o(i.MX_I2C1_Init) refers to i2c.o(.bss) for .bss
    i2c.o(i.MX_I2C2_Init) refers to stm32f1xx_hal_i2c.o(i.HAL_I2C_Init) for HAL_I2C_Init
    i2c.o(i.MX_I2C2_Init) refers to main.o(i.Error_Handler) for Error_Handler
    i2c.o(i.MX_I2C2_Init) refers to i2c.o(.bss) for .bss
    spi.o(i.HAL_SPI_MspDeInit) refers to stm32f1xx_hal_gpio.o(i.HAL_GPIO_DeInit) for HAL_GPIO_DeInit
    spi.o(i.HAL_SPI_MspInit) refers to stm32f1xx_hal_gpio.o(i.HAL_GPIO_Init) for HAL_GPIO_Init
    spi.o(i.MX_SPI1_Init) refers to stm32f1xx_hal_spi.o(i.HAL_SPI_Init) for HAL_SPI_Init
    spi.o(i.MX_SPI1_Init) refers to main.o(i.Error_Handler) for Error_Handler
    spi.o(i.MX_SPI1_Init) refers to spi.o(.bss) for .bss
    usb_device.o(i.MX_USB_DEVICE_Init) refers to usbd_core.o(i.USBD_Init) for USBD_Init
    usb_device.o(i.MX_USB_DEVICE_Init) refers to main.o(i.Error_Handler) for Error_Handler
    usb_device.o(i.MX_USB_DEVICE_Init) refers to usbd_core.o(i.USBD_RegisterClass) for USBD_RegisterClass
    usb_device.o(i.MX_USB_DEVICE_Init) refers to usbd_cdc.o(i.USBD_CDC_RegisterInterface) for USBD_CDC_RegisterInterface
    usb_device.o(i.MX_USB_DEVICE_Init) refers to usbd_core.o(i.USBD_Start) for USBD_Start
    usb_device.o(i.MX_USB_DEVICE_Init) refers to usbd_desc.o(.data) for FS_Desc
    usb_device.o(i.MX_USB_DEVICE_Init) refers to usb_device.o(.bss) for .bss
    usb_device.o(i.MX_USB_DEVICE_Init) refers to usbd_cdc.o(.data) for USBD_CDC
    usb_device.o(i.MX_USB_DEVICE_Init) refers to usbd_cdc_if.o(.data) for USBD_Interface_fops_FS
[...]
    ../mathlib/fpclassify.c                  0x00000000   Number         0  fpclassify.o ABSOLUTE
    ../mathlib/poly.c                        0x00000000   Number         0  poly.o ABSOLUTE
    ../mathlib/qnan.c                        0x00000000   Number         0  qnan.o ABSOLUTE
    ..\Drivers\STM32F1xx_HAL_Driver\Src\stm32f1xx_hal.c 0x00000000   Number         0  stm32f1xx_hal.o ABSOLUTE
    ..\Drivers\STM32F1xx_HAL_Driver\Src\stm32f1xx_hal_cortex.c 0x00000000   Number         0  stm32f1xx_hal_cortex.o ABSOLUTE
    ..\Drivers\STM32F1xx_HAL_Driver\Src\stm32f1xx_hal_dma.c 0x00000000   Number         0  stm32f1xx_hal_dma.o ABSOLUTE
    ..\Drivers\STM32F1xx_HAL_Driver\Src\stm32f1xx_hal_exti.c 0x00000000   Number         0  stm32f1xx_hal_exti.o ABSOLUTE
    ..\Drivers\STM32F1xx_HAL_Driver\Src\stm32f1xx_hal_flash.c 0x00000000   Number         0  stm32f1xx_hal_flash.o ABSOLUTE
    ..\Drivers\STM32F1xx_HAL_Driver\Src\stm32f1xx_hal_flash_ex.c 0x00000000   Number         0  stm32f1xx_hal_flash_ex.o ABSOLUTE
    ..\Drivers\STM32F1xx_HAL_Driver\Src\stm32f1xx_hal_gpio.c 0x00000000   Number         0  stm32f1xx_hal_gpio.o ABSOLUTE
    ..\Drivers\STM32F1xx_HAL_Driver\Src\stm32f1xx_hal_gpio_ex.c 0x00000000   Number         0  stm32f1xx_hal_gpio_ex.o ABSOLUTE
    ..\Drivers\STM32F1xx_HAL_Driver\Src\stm32f1xx_hal_i2c.c 0x00000000   Number         0  stm32f1xx_hal_i2c.o ABSOLUTE
    ..\Drivers\STM32F1xx_HAL_Driver\Src\stm32f1xx_hal_pcd.c 0x00000000   Number         0  stm32f1xx_hal_pcd.o ABSOLUTE
    ..\Drivers\STM32F1xx_HAL_Driver\Src\stm32f1xx_hal_pcd_ex.c 0x00000000   Number         0  stm32f1xx_hal_pcd_ex.o ABSOLUTE
    ..\Drivers\STM32F1xx_HAL_Driver\Src\stm32f1xx_hal_pwr.c 0x00000000   Number         0  stm32f1xx_hal_pwr.o ABSOLUTE
    ..\Drivers\STM32F1xx_HAL_Driver\Src\stm32f1xx_hal_rcc.c 0x00000000   Number         0  stm32f1xx_hal_rcc.o ABSOLUTE
    ..\Drivers\STM32F1xx_HAL_Driver\Src\stm32f1xx_hal_rcc_ex.c 0x00000000   Number         0  stm32f1xx_hal_rcc_ex.o ABSOLUTE
    ..\Drivers\STM32F1xx_HAL_Driver\Src\stm32f1xx_hal_spi.c 0x00000000   Number         0  stm32f1xx_hal_spi.o ABSOLUTE
    ..\Drivers\STM32F1xx_HAL_Driver\Src\stm32f1xx_hal_tim.c 0x00000000   Number         0  stm32f1xx_hal_tim.o ABSOLUTE
    ..\Drivers\STM32F1xx_HAL_Driver\Src\stm32f1xx_hal_tim_ex.c 0x00000000   Number         0  stm32f1xx_hal_tim_ex.o ABSOLUTE
    ..\Drivers\STM32F1xx_HAL_Driver\Src\stm32f1xx_ll_usb.c 0x00000000   Number         0  stm32f1xx_ll_usb.o ABSOLUTE
    ..\Hardwave\src\hmc5883l.c               0x00000000   Number         0  hmc5883l.o ABSOLUTE
    ..\Middlewares\ST\STM32_USB_Device_Library\Class\CDC\Src\usbd_cdc.c 0x00000000   Number         0  usbd_cdc.o ABSOLUTE
    ..\Middlewares\ST\STM32_USB_Device_Library\Core\Src\usbd_core.c 0x00000000   Number         0  usbd_core.o ABSOLUTE
    ..\Middlewares\ST\STM32_USB_Device_Library\Core\Src\usbd_ctlreq.c 0x00000000   Number         0  usbd_ctlreq.o ABSOLUTE
    ..\Middlewares\ST\STM32_USB_Device_Library\Core\Src\usbd_ioreq.c 0x00000000   Number         0  usbd_ioreq.o ABSOLUTE
    ..\Src\gpio.c                            0x00000000   Number         0  gpio.o ABSOLUTE
    ..\Src\i2c.c                             0x00000000   Number         0  i2c.o ABSOLUTE
    ..\Src\main.c                            0x00000000   Number         0  main.o ABSOLUTE
    ..\Src\spi.c                             0x00000000   Number         0  spi.o ABSOLUTE
    ..\Src\stm32f1xx_hal_msp.c               0x00000000   Number         0  stm32f1xx_hal_msp.o ABSOLUTE
    ..\Src\stm32f1xx_it.c                    0x00000000   Number         0  stm32f1xx_it.o ABSOLUTE
    ..\Src\system_stm32f1xx.c                0x00000000   Number         0  system_stm32f1xx.o ABSOLUTE
    ..\Src\usb_device.c                      0x00000000   Number         0  usb_device.o ABSOLUTE
    ..\Src\usbd_cdc_if.c                     0x00000000   Number         0  usbd_cdc_if.o ABSOLUTE
    ..\Src\usbd_conf.c                       0x00000000   Number         0  usbd_conf.o ABSOLUTE
    ..\Src\usbd_desc.c                       0x00000000   Number         0  usbd_desc.o ABSOLUTE
    ..\\Hardwave\\src\\hmc5883l.c            0x00000000   Number         0  hmc5883l.o ABSOLUTE
    cdcmple.s                                0x00000000   Number         0  cdcmple.o ABSOLUTE
    cdrcmple.s                               0x00000000   Number         0  cdrcmple.o ABSOLUTE
    dc.s                                     0x00000000   Number         0  dc.o ABSOLUTE
    handlers.s                               0x00000000   Number         0  handlers.o ABSOLUTE
    init.s                                   0x00000000   Number         0  init.o ABSOLUTE
    startup_stm32f103xb.s                    0x00000000   Number         0  startup_stm32f103xb.o ABSOLUTE
    RESET                                    0x08000000   Section      236  startup_stm32f103xb.o(RESET)
    .ARM.Collect$$$$00000000                 0x080000ec   Section        0  entry.o(.ARM.Collect$$$$00000000)
    .ARM.Collect$$$$00000001                 0x080000ec   Section        4  entry2.o(.ARM.Collect$$$$00000001)
    .ARM.Collect$$$$00000004                 0x080000f0   Section        4  entry5.o(.ARM.Collect$$$$00000004)
    .ARM.Collect$$$$00000008                 0x080000f4   Section        0  entry7b.o(.ARM.Collect$$$$00000008)
    .ARM.Collect$$$$0000000A                 0x080000f4   Section        0  entry8b.o(.ARM.Collect$$$$0000000A)
    .ARM.Collect$$$$0000000B                 0x080000f4   Section        8  entry9a.o(.ARM.Collect$$$$0000000B)
    .ARM.Collect$$$$0000000D                 0x080000fc   Section        0  entry10a.o(.ARM.Collect$$$$0000000D)
    .ARM.Collect$$$$0000000F                 0x080000fc   Section        0  entry11a.o(.ARM.Collect$$$$0000000F)
    .ARM.Collect$$$$00002712                 0x080000fc   Section        4  entry2.o(.ARM.Collect$$$$00002712)
    __lit__00000000                          0x080000fc   Data           4  entry2.o(.ARM.Collect$$$$00002712)
    .text                                    0x08000100   Section       36  startup_stm32f103xb.o(.text)
    .text                                    0x08000124   Section        0  llushr.o(.text)
    .text                                    0x08000144   Section        0  memcpya.o(.text)
    .text                                    0x08000168   Section        0  memseta.o(.text)
    .text                                    0x0800018c   Section        0  dadd.o(.text)
    .text                                    0x080002da   Section        0  dmul.o(.text)
    .text                                    0x080003be   Section        0  dflti.o(.text)
    .text                                    0x080003e0   Section       48  cdcmple.o(.text)
    .text                                    0x08000410   Section       48  cdrcmple.o(.text)
    .text                                    0x08000440   Section        0  llshl.o(.text)
    .text                                    0x0800045e   Section        0  llsshr.o(.text)
    .text                                    0x08000482   Section        0  iusefp.o(.text)
    .text                                    0x08000482   Section        0  depilogue.o(.text)
    .text                                    0x0800053c   Section        0  ddiv.o(.text)
    .text                                    0x0800061c   Section       36  init.o(.text)
    .text                                    0x08000640   Section        0  dscalb.o(.text)
    .text                                    0x0800066e   Section        0  __dczerorl2.o(.text)
    i.BusFault_Handler                       0x080006c4   Section        0  stm32f1xx_it.o(i.BusFault_Handler)
    i.CDC_Control_FS                         0x080006c6   Section        0  usbd_cdc_if.o(i.CDC_Control_FS)
    CDC_Control_FS                           0x080006c7   Thumb Code     4  usbd_cdc_if.o(i.CDC_Control_FS)
    i.CDC_DeInit_FS                          0x080006ca   Section        0  usbd_cdc_if.o(i.CDC_DeInit_FS)
    CDC_DeInit_FS                            0x080006cb   Thumb Code     4  usbd_cdc_if.o(i.CDC_DeInit_FS)
    i.CDC_Init_FS                            0x080006d0   Section        0  usbd_cdc_if.o(i.CDC_Init_FS)
    CDC_Init_FS                              0x080006d1   Thumb Code    24  usbd_cdc_if.o(i.CDC_Init_FS)
    i.CDC_Receive_FS                         0x080006f4   Section        0  usbd_cdc_if.o(i.CDC_Receive_FS)
    CDC_Receive_FS                           0x080006f5   Thumb Code    20  usbd_cdc_if.o(i.CDC_Receive_FS)
    i.CDC_Transmit_FS                        0x0800070c   Section        0  usbd_cdc_if.o(i.CDC_Transmit_FS)
    i.DebugMon_Handler                       0x08000738   Section        0  stm32f1xx_it.o(i.DebugMon_Handler)
    i.Error_Handler                          0x0800073a   Section        0  main.o(i.Error_Handler)
    i.HAL_Delay                              0x0800073c   Section        0  stm32f1xx_hal.o(i.HAL_Delay)
    i.HAL_GPIO_Init                          0x08000760   Section        0  stm32f1xx_hal_gpio.o(i.HAL_GPIO_Init)
    i.HAL_GPIO_WritePin                      0x08000940   Section        0  stm32f1xx_hal_gpio.o(i.HAL_GPIO_WritePin)
    i.HAL_GetTick                            0x0800094c   Section        0  stm32f1xx_hal.o(i.HAL_GetTick)
    i.HAL_I2C_Init                           0x08000958   Section        0  stm32f1xx_hal_i2c.o(i.HAL_I2C_Init)
    i.HAL_I2C_Mem_Read                       0x08000ae0   Section        0  stm32f1xx_hal_i2c.o(i.HAL_I2C_Mem_Read)
    i.HAL_I2C_Mem_Write                      0x08000d30   Section        0  stm32f1xx_hal_i2c.o(i.HAL_I2C_Mem_Write)
    i.HAL_I2C_MspInit                        0x08000e60   Section        0  i2c.o(i.HAL_I2C_MspInit)
    i.HAL_IncTick                            0x08000eec   Section        0  stm32f1xx_hal.o(i.HAL_IncTick)
    i.HAL_Init                               0x08000efc   Section        0  stm32f1xx_hal.o(i.HAL_Init)
    i.HAL_InitTick                           0x08000f20   Section        0  stm32f1xx_hal.o(i.HAL_InitTick)
    i.HAL_MspInit                            0x08000f60   Section        0  stm32f1xx_hal_msp.o(i.HAL_MspInit)
    i.HAL_NVIC_EnableIRQ                     0x08000f9c   Section        0  stm32f1xx_hal_cortex.o(i.HAL_NVIC_EnableIRQ)
    i.HAL_NVIC_SetPriority                   0x08000fb8   Section        0  stm32f1xx_hal_cortex.o(i.HAL_NVIC_SetPriority)
    i.HAL_NVIC_SetPriorityGrouping           0x08000ff8   Section        0  stm32f1xx_hal_cortex.o(i.HAL_NVIC_SetPriorityGrouping)
    i.HAL_PCDEx_PMAConfig                    0x0800101c   Section        0  stm32f1xx_hal_pcd_ex.o(i.HAL_PCDEx_PMAConfig)
    i.HAL_PCDEx_SetConnectionState           0x08001058   Section        0  usbd_conf.o(i.HAL_PCDEx_SetConnectionState)
    i.HAL_PCD_DataInStageCallback            0x0800105a   Section        0  usbd_conf.o(i.HAL_PCD_DataInStageCallback)
    i.HAL_PCD_DataOutStageCallback           0x0800106c   Section        0  usbd_conf.o(i.HAL_PCD_DataOutStageCallback)
    i.HAL_PCD_EP_Close                       0x08001080   Section        0  stm32f1xx_hal_pcd.o(i.HAL_PCD_EP_Close)
    i.HAL_PCD_EP_ClrStall                    0x080010cc   Section        0  stm32f1xx_hal_pcd.o(i.HAL_PCD_EP_ClrStall)
    i.HAL_PCD_EP_DB_Receive                  0x08001128   Section        0  stm32f1xx_hal_pcd.o(i.HAL_PCD_EP_DB_Receive)
    HAL_PCD_EP_DB_Receive                    0x08001129   Thumb Code   230  stm32f1xx_hal_pcd.o(i.HAL_PCD_EP_DB_Receive)
    i.HAL_PCD_EP_DB_Transmit                 0x0800120e   Section        0  stm32f1xx_hal_pcd.o(i.HAL_PCD_EP_DB_Transmit)
    HAL_PCD_EP_DB_Transmit                   0x0800120f   Thumb Code   816  stm32f1xx_hal_pcd.o(i.HAL_PCD_EP_DB_Transmit)
    i.HAL_PCD_EP_GetRxCount                  0x0800153e   Section        0  stm32f1xx_hal_pcd.o(i.HAL_PCD_EP_GetRxCount)
    i.HAL_PCD_EP_Open                        0x08001550   Section        0  stm32f1xx_hal_pcd.o(i.HAL_PCD_EP_Open)
    i.HAL_PCD_EP_Receive                     0x080015b0   Section        0  stm32f1xx_hal_pcd.o(i.HAL_PCD_EP_Receive)
    i.HAL_PCD_EP_SetStall                    0x080015e2   Section        0  stm32f1xx_hal_pcd.o(i.HAL_PCD_EP_SetStall)
    i.HAL_PCD_EP_Transmit                    0x08001654   Section        0  stm32f1xx_hal_pcd.o(i.HAL_PCD_EP_Transmit)
    i.HAL_PCD_IRQHandler                     0x08001688   Section        0  stm32f1xx_hal_pcd.o(i.HAL_PCD_IRQHandler)
    i.HAL_PCD_Init                           0x080017dc   Section        0  stm32f1xx_hal_pcd.o(i.HAL_PCD_Init)
    i.HAL_PCD_MspInit                        0x080018b8   Section        0  usbd_conf.o(i.HAL_PCD_MspInit)
    i.HAL_PCD_ResetCallback                  0x080018f4   Section        0  usbd_conf.o(i.HAL_PCD_ResetCallback)
    i.HAL_PCD_ResumeCallback                 0x0800191a   Section        0  usbd_conf.o(i.HAL_PCD_ResumeCallback)
    i.HAL_PCD_SOFCallback                    0x08001922   Section        0  usbd_conf.o(i.HAL_PCD_SOFCallback)
    i.HAL_PCD_SetAddress                     0x0800192a   Section        0  stm32f1xx_hal_pcd.o(i.HAL_PCD_SetAddress)
    i.HAL_PCD_SetupStageCallback             0x08001952   Section        0  usbd_conf.o(i.HAL_PCD_SetupStageCallback)
    i.HAL_PCD_Start                          0x08001960   Section        0  stm32f1xx_hal_pcd.o(i.HAL_PCD_Start)
    i.HAL_PCD_SuspendCallback                0x08001994   Section        0  usbd_conf.o(i.HAL_PCD_SuspendCallback)
    i.HAL_RCCEx_PeriphCLKConfig              0x080019b8   Section        0  stm32f1xx_hal_rcc_ex.o(i.HAL_RCCEx_PeriphCLKConfig)
    i.HAL_RCC_ClockConfig                    0x08001aa4   Section        0  stm32f1xx_hal_rcc.o(i.HAL_RCC_ClockConfig)
    i.HAL_RCC_GetPCLK1Freq                   0x08001bd0   Section        0  stm32f1xx_hal_rcc.o(i.HAL_RCC_GetPCLK1Freq)
    i.HAL_RCC_GetSysClockFreq                0x08001bf0   Section        0  stm32f1xx_hal_rcc.o(i.HAL_RCC_GetSysClockFreq)
    i.HAL_RCC_OscConfig                      0x08001c5c   Section        0  stm32f1xx_hal_rcc.o(i.HAL_RCC_OscConfig)
    i.HAL_SPI_Init                           0x08001f7c   Section        0  stm32f1xx_hal_spi.o(i.HAL_SPI_Init)
    i.HAL_SPI_MspInit                        0x08002030   Section        0  spi.o(i.HAL_SPI_MspInit)
    i.HAL_SYSTICK_Config                     0x0800208c   Section        0  stm32f1xx_hal_cortex.o(i.HAL_SYSTICK_Config)
    i.HMC5883l_Calibrate_Angle_xz            0x080020b4   Section        0  hmc5883l.o(i.HMC5883l_Calibrate_Angle_xz)
    i.HMC5883l_Init                          0x08002160   Section        0  hmc5883l.o(i.HMC5883l_Init)
    i.HMC5883l_Read                          0x08002180   Section        0  hmc5883l.o(i.HMC5883l_Read)
    i.HardFault_Handler                      0x080021c4   Section        0  stm32f1xx_it.o(i.HardFault_Handler)
    i.I2C_IsAcknowledgeFailed                0x080021c6   Section        0  stm32f1xx_hal_i2c.o(i.I2C_IsAcknowledgeFailed)
    I2C_IsAcknowledgeFailed                  0x080021c7   Thumb Code    46  stm32f1xx_hal_i2c.o(i.I2C_IsAcknowledgeFailed)
    i.I2C_RequestMemoryRead                  0x080021f4   Section        0  stm32f1xx_hal_i2c.o(i.I2C_RequestMemoryRead)
    I2C_RequestMemoryRead                    0x080021f5   Thumb Code   246  stm32f1xx_hal_i2c.o(i.I2C_RequestMemoryRead)
    i.I2C_RequestMemoryWrite                 0x080022f0   Section        0  stm32f1xx_hal_i2c.o(i.I2C_RequestMemoryWrite)
    I2C_RequestMemoryWrite                   0x080022f1   Thumb Code   162  stm32f1xx_hal_i2c.o(i.I2C_RequestMemoryWrite)
    i.I2C_WaitOnBTFFlagUntilTimeout          0x08002398   Section        0  stm32f1xx_hal_i2c.o(i.I2C_WaitOnBTFFlagUntilTimeout)
    I2C_WaitOnBTFFlagUntilTimeout            0x08002399   Thumb Code    76  stm32f1xx_hal_i2c.o(i.I2C_WaitOnBTFFlagUntilTimeout)
    i.I2C_WaitOnFlagUntilTimeout             0x080023e4   Section        0  stm32f1xx_hal_i2c.o(i.I2C_WaitOnFlagUntilTimeout)
    I2C_WaitOnFlagUntilTimeout               0x080023e5   Thumb Code   104  stm32f1xx_hal_i2c.o(i.I2C_WaitOnFlagUntilTimeout)
    i.I2C_WaitOnMasterAddressFlagUntilTimeout 0x0800244c   Section        0  stm32f1xx_hal_i2c.o(i.I2C_WaitOnMasterAddressFlagUntilTimeout)
    I2C_WaitOnMasterAddressFlagUntilTimeout  0x0800244d   Thumb Code   150  stm32f1xx_hal_i2c.o(i.I2C_WaitOnMasterAddressFlagUntilTimeout)
    i.I2C_WaitOnRXNEFlagUntilTimeout         0x080024e2   Section        0  stm32f1xx_hal_i2c.o(i.I2C_WaitOnRXNEFlagUntilTimeout)
    I2C_WaitOnRXNEFlagUntilTimeout           0x080024e3   Thumb Code   102  stm32f1xx_hal_i2c.o(i.I2C_WaitOnRXNEFlagUntilTimeout)
    i.I2C_WaitOnTXEFlagUntilTimeout          0x08002548   Section        0  stm32f1xx_hal_i2c.o(i.I2C_WaitOnTXEFlagUntilTimeout)
    I2C_WaitOnTXEFlagUntilTimeout            0x08002549   Thumb Code    76  stm32f1xx_hal_i2c.o(i.I2C_WaitOnTXEFlagUntilTimeout)
    i.IntToUnicode                           0x08002594   Section        0  usbd_desc.o(i.IntToUnicode)
    IntToUnicode                             0x08002595   Thumb Code    56  usbd_desc.o(i.IntToUnicode)
    i.MX_GPIO_Init                           0x080025cc   Section        0  gpio.o(i.MX_GPIO_Init)
    i.MX_I2C1_Init                           0x080026a0   Section        0  i2c.o(i.MX_I2C1_Init)
    i.MX_I2C2_Init                           0x080026e0   Section        0  i2c.o(i.MX_I2C2_Init)
    i.MX_SPI1_Init                           0x08002720   Section        0  spi.o(i.MX_SPI1_Init)
    i.MX_USB_DEVICE_Init                     0x08002764   Section        0  usb_device.o(i.MX_USB_DEVICE_Init)
    i.MemManage_Handler                      0x080027b8   Section        0  stm32f1xx_it.o(i.MemManage_Handler)
    i.NMI_Handler                            0x080027ba   Section        0  stm32f1xx_it.o(i.NMI_Handler)
    i.PCD_EP_ISR_Handler                     0x080027bc   Section        0  stm32f1xx_hal_pcd.o(i.PCD_EP_ISR_Handler)
    PCD_EP_ISR_Handler                       0x080027bd   Thumb Code   788  stm32f1xx_hal_pcd.o(i.PCD_EP_ISR_Handler)
    i.PendSV_Handler                         0x08002ad0   Section        0  stm32f1xx_it.o(i.PendSV_Handler)
    i.SVC_Handler                            0x08002ad2   Section        0  stm32f1xx_it.o(i.SVC_Handler)
    i.SysTick_Handler                        0x08002ad4   Section        0  stm32f1xx_it.o(i.SysTick_Handler)
    i.SystemClock_Config                     0x08002ad8   Section        0  main.o(i.SystemClock_Config)
    i.SystemInit                             0x08002b38   Section        0  system_stm32f1xx.o(i.SystemInit)
    i.USBD_CDC_DataIn                        0x08002b3a   Section        0  usbd_cdc.o(i.USBD_CDC_DataIn)
    USBD_CDC_DataIn                          0x08002b3b   Thumb Code    70  usbd_cdc.o(i.USBD_CDC_DataIn)
    i.USBD_CDC_DataOut                       0x08002b80   Section        0  usbd_cdc.o(i.USBD_CDC_DataOut)
    USBD_CDC_DataOut                         0x08002b81   Thumb Code    46  usbd_cdc.o(i.USBD_CDC_DataOut)
    i.USBD_CDC_DeInit                        0x08002bae   Section        0  usbd_cdc.o(i.USBD_CDC_DeInit)
    USBD_CDC_DeInit                          0x08002baf   Thumb Code    68  usbd_cdc.o(i.USBD_CDC_DeInit)
    i.USBD_CDC_EP0_RxReady                   0x08002bf2   Section        0  usbd_cdc.o(i.USBD_CDC_EP0_RxReady)
    USBD_CDC_EP0_RxReady                     0x08002bf3   Thumb Code    36  usbd_cdc.o(i.USBD_CDC_EP0_RxReady)
    i.USBD_CDC_GetDeviceQualifierDescriptor  0x08002c18   Section        0  usbd_cdc.o(i.USBD_CDC_GetDeviceQualifierDescriptor)
    i.USBD_CDC_GetFSCfgDesc                  0x08002c24   Section        0  usbd_cdc.o(i.USBD_CDC_GetFSCfgDesc)
    USBD_CDC_GetFSCfgDesc                    0x08002c25   Thumb Code     8  usbd_cdc.o(i.USBD_CDC_GetFSCfgDesc)
    i.USBD_CDC_GetHSCfgDesc                  0x08002c30   Section        0  usbd_cdc.o(i.USBD_CDC_GetHSCfgDesc)
    USBD_CDC_GetHSCfgDesc                    0x08002c31   Thumb Code     8  usbd_cdc.o(i.USBD_CDC_GetHSCfgDesc)
    i.USBD_CDC_GetOtherSpeedCfgDesc          0x08002c3c   Section        0  usbd_cdc.o(i.USBD_CDC_GetOtherSpeedCfgDesc)
    USBD_CDC_GetOtherSpeedCfgDesc            0x08002c3d   Thumb Code     8  usbd_cdc.o(i.USBD_CDC_GetOtherSpeedCfgDesc)
    i.USBD_CDC_Init                          0x08002c48   Section        0  usbd_cdc.o(i.USBD_CDC_Init)
    USBD_CDC_Init                            0x08002c49   Thumb Code   148  usbd_cdc.o(i.USBD_CDC_Init)
    i.USBD_CDC_ReceivePacket                 0x08002cdc   Section        0  usbd_cdc.o(i.USBD_CDC_ReceivePacket)
    i.USBD_CDC_RegisterInterface             0x08002d04   Section        0  usbd_cdc.o(i.USBD_CDC_RegisterInterface)
    i.USBD_CDC_SetRxBuffer                   0x08002d14   Section        0  usbd_cdc.o(i.USBD_CDC_SetRxBuffer)
    i.USBD_CDC_SetTxBuffer                   0x08002d20   Section        0  usbd_cdc.o(i.USBD_CDC_SetTxBuffer)
    i.USBD_CDC_Setup                         0x08002d30   Section        0  usbd_cdc.o(i.USBD_CDC_Setup)
    USBD_CDC_Setup                           0x08002d31   Thumb Code   172  usbd_cdc.o(i.USBD_CDC_Setup)
    i.USBD_CDC_TransmitPacket                0x08002ddc   Section        0  usbd_cdc.o(i.USBD_CDC_TransmitPacket)
    i.USBD_ClrClassConfig                    0x08002e12   Section        0  usbd_core.o(i.USBD_ClrClassConfig)
    i.USBD_CtlContinueRx                     0x08002e20   Section        0  usbd_ioreq.o(i.USBD_CtlContinueRx)
    i.USBD_CtlContinueSendData               0x08002e30   Section        0  usbd_ioreq.o(i.USBD_CtlContinueSendData)
    i.USBD_CtlError                          0x08002e40   Section        0  usbd_ctlreq.o(i.USBD_CtlError)
    i.USBD_CtlPrepareRx                      0x08002e56   Section        0  usbd_ioreq.o(i.USBD_CtlPrepareRx)
    i.USBD_CtlReceiveStatus                  0x08002e74   Section        0  usbd_ioreq.o(i.USBD_CtlReceiveStatus)
    i.USBD_CtlSendData                       0x08002e8a   Section        0  usbd_ioreq.o(i.USBD_CtlSendData)
    i.USBD_CtlSendStatus                     0x08002ea4   Section        0  usbd_ioreq.o(i.USBD_CtlSendStatus)
    i.USBD_FS_ConfigStrDescriptor            0x08002ebc   Section        0  usbd_desc.o(i.USBD_FS_ConfigStrDescriptor)
    i.USBD_FS_DeviceDescriptor               0x08002edc   Section        0  usbd_desc.o(i.USBD_FS_DeviceDescriptor)
    i.USBD_FS_InterfaceStrDescriptor         0x08002ee8   Section        0  usbd_desc.o(i.USBD_FS_InterfaceStrDescriptor)
    i.USBD_FS_LangIDStrDescriptor            0x08002f0c   Section        0  usbd_desc.o(i.USBD_FS_LangIDStrDescriptor)
    i.USBD_FS_ManufacturerStrDescriptor      0x08002f18   Section        0  usbd_desc.o(i.USBD_FS_ManufacturerStrDescriptor)
    i.USBD_FS_ProductStrDescriptor           0x08002f40   Section        0  usbd_desc.o(i.USBD_FS_ProductStrDescriptor)
    i.USBD_FS_SerialStrDescriptor            0x08002f6c   Section        0  usbd_desc.o(i.USBD_FS_SerialStrDescriptor)
    i.USBD_GetDescriptor                     0x08002fa4   Section        0  usbd_ctlreq.o(i.USBD_GetDescriptor)
    USBD_GetDescriptor                       0x08002fa5   Thumb Code   232  usbd_ctlreq.o(i.USBD_GetDescriptor)
    i.USBD_GetString                         0x0800308c   Section        0  usbd_ctlreq.o(i.USBD_GetString)
    i.USBD_Get_USB_Status                    0x080030d4   Section        0  usbd_conf.o(i.USBD_Get_USB_Status)
    USBD_Get_USB_Status                      0x080030d5   Thumb Code    24  usbd_conf.o(i.USBD_Get_USB_Status)
    i.USBD_Init                              0x080030ec   Section        0  usbd_core.o(i.USBD_Init)
    i.USBD_LL_ClearStallEP                   0x08003116   Section        0  usbd_conf.o(i.USBD_LL_ClearStallEP)
    i.USBD_LL_CloseEP                        0x08003128   Section        0  usbd_conf.o(i.USBD_LL_CloseEP)
    i.USBD_LL_DataInStage                    0x0800313a   Section        0  usbd_core.o(i.USBD_LL_DataInStage)
    i.USBD_LL_DataOutStage                   0x08003200   Section        0  usbd_core.o(i.USBD_LL_DataOutStage)
    i.USBD_LL_GetRxDataSize                  0x08003282   Section        0  usbd_conf.o(i.USBD_LL_GetRxDataSize)
    i.USBD_LL_Init                           0x0800328c   Section        0  usbd_conf.o(i.USBD_LL_Init)
    i.USBD_LL_IsStallEP                      0x0800330c   Section        0  usbd_conf.o(i.USBD_LL_IsStallEP)
    i.USBD_LL_OpenEP                         0x0800332c   Section        0  usbd_conf.o(i.USBD_LL_OpenEP)
    i.USBD_LL_PrepareReceive                 0x08003344   Section        0  usbd_conf.o(i.USBD_LL_PrepareReceive)
    i.USBD_LL_Reset                          0x08003356   Section        0  usbd_core.o(i.USBD_LL_Reset)
    i.USBD_LL_Resume                         0x080033a6   Section        0  usbd_core.o(i.USBD_LL_Resume)
    i.USBD_LL_SOF                            0x080033ba   Section        0  usbd_core.o(i.USBD_LL_SOF)
    i.USBD_LL_SetSpeed                       0x080033d2   Section        0  usbd_core.o(i.USBD_LL_SetSpeed)
    i.USBD_LL_SetUSBAddress                  0x080033d8   Section        0  usbd_conf.o(i.USBD_LL_SetUSBAddress)
    i.USBD_LL_SetupStage                     0x080033ea   Section        0  usbd_core.o(i.USBD_LL_SetupStage)
    i.USBD_LL_StallEP                        0x08003444   Section        0  usbd_conf.o(i.USBD_LL_StallEP)
    i.USBD_LL_Start                          0x08003456   Section        0  usbd_conf.o(i.USBD_LL_Start)
    i.USBD_LL_Suspend                        0x08003468   Section        0  usbd_core.o(i.USBD_LL_Suspend)
    i.USBD_LL_Transmit                       0x0800347a   Section        0  usbd_conf.o(i.USBD_LL_Transmit)
    i.USBD_ParseSetupRequest                 0x0800348c   Section        0  usbd_ctlreq.o(i.USBD_ParseSetupRequest)
    i.USBD_RegisterClass                     0x080034b4   Section        0  usbd_core.o(i.USBD_RegisterClass)
    i.USBD_SetClassConfig                    0x080034c4   Section        0  usbd_core.o(i.USBD_SetClassConfig)
    i.USBD_SetConfig                         0x080034dc   Section        0  usbd_ctlreq.o(i.USBD_SetConfig)
    USBD_SetConfig                           0x080034dd   Thumb Code   128  usbd_ctlreq.o(i.USBD_SetConfig)
    i.USBD_Start                             0x08003560   Section        0  usbd_core.o(i.USBD_Start)
    i.USBD_StdDevReq                         0x0800356a   Section        0  usbd_ctlreq.o(i.USBD_StdDevReq)
    i.USBD_StdEPReq                          0x0800367c   Section        0  usbd_ctlreq.o(i.USBD_StdEPReq)
    i.USBD_StdItfReq                         0x080037cc   Section        0  usbd_ctlreq.o(i.USBD_StdItfReq)
    i.USBD_static_free                       0x0800381a   Section        0  usbd_conf.o(i.USBD_static_free)
    i.USBD_static_malloc                     0x0800381c   Section        0  usbd_conf.o(i.USBD_static_malloc)
    i.USB_ActivateEndpoint                   0x08003824   Section        0  stm32f1xx_ll_usb.o(i.USB_ActivateEndpoint)
    i.USB_CoreInit                           0x08003a7c   Section        0  stm32f1xx_ll_usb.o(i.USB_CoreInit)
    i.USB_DeactivateEndpoint                 0x08003a80   Section        0  stm32f1xx_ll_usb.o(i.USB_DeactivateEndpoint)
    i.USB_DevConnect                         0x08003b8e   Section        0  stm32f1xx_ll_usb.o(i.USB_DevConnect)
    i.USB_DevDisconnect                      0x08003b92   Section        0  stm32f1xx_ll_usb.o(i.USB_DevDisconnect)
    i.USB_DevInit                            0x08003b96   Section        0  stm32f1xx_ll_usb.o(i.USB_DevInit)
    i.USB_DisableGlobalInt                   0x08003ba8   Section        0  stm32f1xx_ll_usb.o(i.USB_DisableGlobalInt)
    i.USB_EP0_OutStart                       0x08003bb6   Section        0  stm32f1xx_ll_usb.o(i.USB_EP0_OutStart)
    i.USB_EPClearStall                       0x08003bba   Section        0  stm32f1xx_ll_usb.o(i.USB_EPClearStall)
    i.USB_EPSetStall                         0x08003c32   Section        0  stm32f1xx_ll_usb.o(i.USB_EPSetStall)
    i.USB_EPStartXfer                        0x08003c64   Section        0  stm32f1xx_ll_usb.o(i.USB_EPStartXfer)
    i.USB_EnableGlobalInt                    0x08004270   Section        0  stm32f1xx_ll_usb.o(i.USB_EnableGlobalInt)
    i.USB_LP_CAN1_RX0_IRQHandler             0x08004284   Section        0  stm32f1xx_it.o(i.USB_LP_CAN1_RX0_IRQHandler)
    i.USB_ReadInterrupts                     0x08004290   Section        0  stm32f1xx_ll_usb.o(i.USB_ReadInterrupts)
    i.USB_ReadPMA                            0x08004298   Section        0  stm32f1xx_ll_usb.o(i.USB_ReadPMA)
    i.USB_SetCurrentMode                     0x080042c4   Section        0  stm32f1xx_ll_usb.o(i.USB_SetCurrentMode)
    i.USB_SetDevAddress                      0x080042c8   Section        0  stm32f1xx_ll_usb.o(i.USB_SetDevAddress)
    i.USB_WritePMA                           0x080042d4   Section        0  stm32f1xx_ll_usb.o(i.USB_WritePMA)
    i.UsageFault_Handler                     0x080042fa   Section        0  stm32f1xx_it.o(i.UsageFault_Handler)
    i.__ARM_fpclassify                       0x080042fc   Section        0  fpclassify.o(i.__ARM_fpclassify)
    i.__NVIC_SetPriority                     0x08004324   Section        0  stm32f1xx_hal_cortex.o(i.__NVIC_SetPriority)
    __NVIC_SetPriority                       0x08004325   Thumb Code    32  stm32f1xx_hal_cortex.o(i.__NVIC_SetPriority)
    i.__kernel_poly                          0x08004344   Section        0  poly.o(i.__kernel_poly)
    i.__mathlib_dbl_infnan                   0x080043ee   Section        0  dunder.o(i.__mathlib_dbl_infnan)
    i.__mathlib_dbl_infnan2                  0x080043f4   Section        0  dunder.o(i.__mathlib_dbl_infnan2)
    i.__mathlib_dbl_underflow                0x080043f8   Section        0  dunder.o(i.__mathlib_dbl_underflow)
    i.__scatterload_copy                     0x08004408   Section       14  handlers.o(i.__scatterload_copy)
    i.__scatterload_null                     0x08004416   Section        2  handlers.o(i.__scatterload_null)
    i.__scatterload_zeroinit                 0x08004418   Section       14  handlers.o(i.__scatterload_zeroinit)
    i.atan                                   0x08004428   Section        0  atan.o(i.atan)
    i.atan2                                  0x08004648   Section        0  atan2.o(i.atan2)
    i.get_direction                          0x080047c8   Section        0  hmc5883l.o(i.get_direction)
    i.get_direction_str                      0x080048ec   Section        0  hmc5883l.o(i.get_direction_str)
    i.i2cWrite                               0x08004948   Section        0  hmc5883l.o(i.i2cWrite)
    i2cWrite                                 0x08004949   Thumb Code    32  hmc5883l.o(i.i2cWrite)
    i.main                                   0x0800496c   Section        0  main.o(i.main)
    .constdata                               0x080049ac   Section       16  system_stm32f1xx.o(.constdata)
    .constdata                               0x080049bc   Section        8  system_stm32f1xx.o(.constdata)
    .constdata                               0x080049c8   Section      152  atan.o(.constdata)
    atanhi                                   0x080049c8   Data          32  atan.o(.constdata)
    atanlo                                   0x080049e8   Data          32  atan.o(.constdata)
    aTodd                                    0x08004a08   Data          40  atan.o(.constdata)
    aTeven                                   0x08004a30   Data          48  atan.o(.constdata)
    .constdata                               0x08004a60   Section        8  qnan.o(.constdata)
    .data                                    0x20000000   Section        4  main.o(.data)
    .data                                    0x20000004   Section       28  usbd_desc.o(.data)
    .data                                    0x20000020   Section       50  usbd_desc.o(.data)
    .data                                    0x20000054   Section       16  usbd_cdc_if.o(.data)
    .data                                    0x20000064   Section       12  stm32f1xx_hal.o(.data)
    .data                                    0x20000070   Section        4  system_stm32f1xx.o(.data)
    .data                                    0x20000074   Section        1  usbd_ctlreq.o(.data)
    cfgidx                                   0x20000074   Data           1  usbd_ctlreq.o(.data)
    .data                                    0x20000078   Section      215  usbd_cdc.o(.data)
    USBD_CDC_DeviceQualifierDesc             0x20000078   Data          10  usbd_cdc.o(.data)
    .data                                    0x20000150   Section       56  usbd_cdc.o(.data)
    .bss                                     0x20000188   Section      168  i2c.o(.bss)
    .bss                                     0x20000230   Section       88  spi.o(.bss)
    .bss                                     0x20000288   Section      708  usb_device.o(.bss)
    .bss                                     0x2000054c   Section     1292  usbd_conf.o(.bss)
    mem                                      0x2000054c   Data         544  usbd_conf.o(.bss)
    .bss                                     0x20000a58   Section      512  usbd_desc.o(.bss)
    .bss                                     0x20000c58   Section     2000  usbd_cdc_if.o(.bss)
    STACK                                    0x20001428   Section     1024  startup_stm32f103xb.o(STACK)

    Global Symbols

    Symbol Name                              Value     Ov Type        Size  Object(Section)

    BuildAttributes$$THM_ISAv4$P$D$K$B$S$PE$A:L22UL41UL21$X:L11$S22US41US21$IEEE1$IW$USESV6$~STKCKD$USESV7$~SHL$OTIME$ROPI$IEEEX$EBA8$MICROLIB$REQ8$PRES8$EABIv2 0x00000000   Number         0  anon$$obj.o ABSOLUTE
    __ARM_use_no_argv                        0x00000000   Number         0  main.o ABSOLUTE
    __cpp_initialize__aeabi_                  - Undefined Weak Reference
    __cxa_finalize                            - Undefined Weak Reference
    _clock_init                               - Undefined Weak Reference
    _microlib_exit                            - Undefined Weak Reference
    __Vectors_Size                           0x000000ec   Number         0  startup_stm32f103xb.o ABSOLUTE
    __Vectors                                0x08000000   Data           4  startup_stm32f103xb.o(RESET)
    __Vectors_End                            0x080000ec   Data           0  startup_stm32f103xb.o(RESET)
    __main                                   0x080000ed   Thumb Code     0  entry.o(.ARM.Collect$$$$00000000)
    _main_stk                                0x080000ed   Thumb Code     0  entry2.o(.ARM.Collect$$$$00000001)
    _main_scatterload                        0x080000f1   Thumb Code     0  entry5.o(.ARM.Collect$$$$00000004)
    __main_after_scatterload                 0x080000f5   Thumb Code     0  entry5.o(.ARM.Collect$$$$00000004)
    _main_clock                              0x080000f5   Thumb Code     0  entry7b.o(.ARM.Collect$$$$00000008)
    _main_cpp_init                           0x080000f5   Thumb Code     0  entry8b.o(.ARM.Collect$$$$0000000A)
    _main_init                               0x080000f5   Thumb Code     0  entry9a.o(.ARM.Collect$$$$0000000B)
    __rt_final_cpp                           0x080000fd   Thumb Code     0  entry10a.o(.ARM.Collect$$$$0000000D)
    __rt_final_exit                          0x080000fd   Thumb Code     0  entry11a.o(.ARM.Collect$$$$0000000F)
    Reset_Handler                            0x08000101   Thumb Code     8  startup_stm32f103xb.o(.text)
    ADC1_2_IRQHandler                        0x0800011b   Thumb Code     0  startup_stm32f103xb.o(.text)
    CAN1_RX1_IRQHandler                      0x0800011b   Thumb Code     0  startup_stm32f103xb.o(.text)
    CAN1_SCE_IRQHandler                      0x0800011b   Thumb Code     0  startup_stm32f103xb.o(.text)
    DMA1_Channel1_IRQHandler                 0x0800011b   Thumb Code     0  startup_stm32f103xb.o(.text)
    DMA1_Channel2_IRQHandler                 0x0800011b   Thumb Code     0  startup_stm32f103xb.o(.text)
    DMA1_Channel3_IRQHandler                 0x0800011b   Thumb Code     0  startup_stm32f103xb.o(.text)
    DMA1_Channel4_IRQHandler                 0x0800011b   Thumb Code     0  startup_stm32f103xb.o(.text)
    DMA1_Channel5_IRQHandler                 0x0800011b   Thumb Code     0  startup_stm32f103xb.o(.text)
    DMA1_Channel6_IRQHandler                 0x0800011b   Thumb Code     0  startup_stm32f103xb.o(.text)
    DMA1_Channel7_IRQHandler                 0x0800011b   Thumb Code     0  startup_stm32f103xb.o(.text)
    EXTI0_IRQHandler                         0x0800011b   Thumb Code     0  startup_stm32f103xb.o(.text)
    EXTI15_10_IRQHandler                     0x0800011b   Thumb Code     0  startup_stm32f103xb.o(.text)
    EXTI1_IRQHandler                         0x0800011b   Thumb Code     0  startup_stm32f103xb.o(.text)
    EXTI2_IRQHandler                         0x0800011b   Thumb Code     0  startup_stm32f103xb.o(.text)
    EXTI3_IRQHandler                         0x0800011b   Thumb Code     0  startup_stm32f103xb.o(.text)
    EXTI4_IRQHandler                         0x0800011b   Thumb Code     0  startup_stm32f103xb.o(.text)
    EXTI9_5_IRQHandler                       0x0800011b   Thumb Code     0  startup_stm32f103xb.o(.text)
    FLASH_IRQHandler                         0x0800011b   Thumb Code     0  startup_stm32f103xb.o(.text)
    I2C1_ER_IRQHandler                       0x0800011b   Thumb Code     0  startup_stm32f103xb.o(.text)
    I2C1_EV_IRQHandler                       0x0800011b   Thumb Code     0  startup_stm32f103xb.o(.text)
    I2C2_ER_IRQHandler                       0x0800011b   Thumb Code     0  startup_stm32f103xb.o(.text)
    I2C2_EV_IRQHandler                       0x0800011b   Thumb Code     0  startup_stm32f103xb.o(.text)
    PVD_IRQHandler                           0x0800011b   Thumb Code     0  startup_stm32f103xb.o(.text)
    RCC_IRQHandler                           0x0800011b   Thumb Code     0  startup_stm32f103xb.o(.text)
    RTC_Alarm_IRQHandler                     0x0800011b   Thumb Code     0  startup_stm32f103xb.o(.text)
    RTC_IRQHandler                           0x0800011b   Thumb Code     0  startup_stm32f103xb.o(.text)
    SPI1_IRQHandler                          0x0800011b   Thumb Code     0  startup_stm32f103xb.o(.text)
    SPI2_IRQHandler                          0x0800011b   Thumb Code     0  startup_stm32f103xb.o(.text)
    TAMPER_IRQHandler                        0x0800011b   Thumb Code     0  startup_stm32f103xb.o(.text)
    TIM1_BRK_IRQHandler                      0x0800011b   Thumb Code     0  startup_stm32f103xb.o(.text)
    TIM1_CC_IRQHandler                       0x0800011b   Thumb Code     0  startup_stm32f103xb.o(.text)
    TIM1_TRG_COM_IRQHandler                  0x0800011b   Thumb Code     0  startup_stm32f103xb.o(.text)
    TIM1_UP_IRQHandler                       0x0800011b   Thumb Code     0  startup_stm32f103xb.o(.text)
    TIM2_IRQHandler                          0x0800011b   Thumb Code     0  startup_stm32f103xb.o(.text)
    TIM3_IRQHandler                          0x0800011b   Thumb Code     0  startup_stm32f103xb.o(.text)
    TIM4_IRQHandler                          0x0800011b   Thumb Code     0  startup_stm32f103xb.o(.text)
    USART1_IRQHandler                        0x0800011b   Thumb Code     0  startup_stm32f103xb.o(.text)
    USART2_IRQHandler                        0x0800011b   Thumb Code     0  startup_stm32f103xb.o(.text)
    USART3_IRQHandler                        0x0800011b   Thumb Code     0  startup_stm32f103xb.o(.text)
    USBWakeUp_IRQHandler                     0x0800011b   Thumb Code     0  startup_stm32f103xb.o(.text)
    USB_HP_CAN1_TX_IRQHandler                0x0800011b   Thumb Code     0  startup_stm32f103xb.o(.text)
    WWDG_IRQHandler                          0x0800011b   Thumb Code     0  startup_stm32f103xb.o(.text)
    __aeabi_llsr                             0x08000125   Thumb Code    32  llushr.o(.text)
    _ll_ushift_r                             0x08000125   Thumb Code     0  llushr.o(.text)
    __aeabi_memcpy                           0x08000145   Thumb Code    36  memcpya.o(.text)
    __aeabi_memcpy4                          0x08000145   Thumb Code     0  memcpya.o(.text)
    __aeabi_memcpy8                          0x08000145   Thumb Code     0  memcpya.o(.text)
    __aeabi_memset                           0x08000169   Thumb Code    14  memseta.o(.text)
    __aeabi_memset4                          0x08000169   Thumb Code     0  memseta.o(.text)
    __aeabi_memset8                          0x08000169   Thumb Code     0  memseta.o(.text)
    __aeabi_memclr                           0x08000177   Thumb Code     4  memseta.o(.text)
    __aeabi_memclr4                          0x08000177   Thumb Code     0  memseta.o(.text)
    __aeabi_memclr8                          0x08000177   Thumb Code     0  memseta.o(.text)
    _memset$wrapper                          0x0800017b   Thumb Code    18  memseta.o(.text)
    __aeabi_dadd                             0x0800018d   Thumb Code   322  dadd.o(.text)
    __aeabi_dsub                             0x080002cf   Thumb Code     6  dadd.o(.text)
    __aeabi_drsub                            0x080002d5   Thumb Code     6  dadd.o(.text)
    __aeabi_dmul                             0x080002db   Thumb Code   228  dmul.o(.text)
    __aeabi_i2d                              0x080003bf   Thumb Code    34  dflti.o(.text)
    __aeabi_cdcmpeq                          0x080003e1   Thumb Code     0  cdcmple.o(.text)
    __aeabi_cdcmple                          0x080003e1   Thumb Code    48  cdcmple.o(.text)
    __aeabi_cdrcmple                         0x08000411   Thumb Code    48  cdrcmple.o(.text)
    __aeabi_llsl                             0x08000441   Thumb Code    30  llshl.o(.text)
    _ll_shift_l                              0x08000441   Thumb Code     0  llshl.o(.text)
    __aeabi_lasr                             0x0800045f   Thumb Code    36  llsshr.o(.text)
    _ll_sshift_r                             0x0800045f   Thumb Code     0  llsshr.o(.text)
    __I$use$fp                               0x08000483   Thumb Code     0  iusefp.o(.text)
    _double_round                            0x08000483   Thumb Code    30  depilogue.o(.text)
    _double_epilogue                         0x080004a1   Thumb Code   156  depilogue.o(.text)
    __aeabi_ddiv                             0x0800053d   Thumb Code   222  ddiv.o(.text)
    __scatterload                            0x0800061d   Thumb Code    28  init.o(.text)
    __scatterload_rt2                        0x0800061d   Thumb Code     0  init.o(.text)
    __ARM_scalbn                             0x08000641   Thumb Code    46  dscalb.o(.text)
    scalbn                                   0x08000641   Thumb Code     0  dscalb.o(.text)
    __decompress                             0x0800066f   Thumb Code     0  __dczerorl2.o(.text)
    __decompress1                            0x0800066f   Thumb Code    86  __dczerorl2.o(.text)
    BusFault_Handler                         0x080006c5   Thumb Code     2  stm32f1xx_it.o(i.BusFault_Handler)
    CDC_Transmit_FS                          0x0800070d   Thumb Code    38  usbd_cdc_if.o(i.CDC_Transmit_FS)
    DebugMon_Handler                         0x08000739   Thumb Code     2  stm32f1xx_it.o(i.DebugMon_Handler)
    Error_Handler                            0x0800073b   Thumb Code     2  main.o(i.Error_Handler)
    HAL_Delay                                0x0800073d   Thumb Code    32  stm32f1xx_hal.o(i.HAL_Delay)
    HAL_GPIO_Init                            0x08000761   Thumb Code   446  stm32f1xx_hal_gpio.o(i.HAL_GPIO_Init)
    HAL_GPIO_WritePin                        0x08000941   Thumb Code    10  stm32f1xx_hal_gpio.o(i.HAL_GPIO_WritePin)
    HAL_GetTick                              0x0800094d   Thumb Code     6  stm32f1xx_hal.o(i.HAL_GetTick)
    HAL_I2C_Init                             0x08000959   Thumb Code   376  stm32f1xx_hal_i2c.o(i.HAL_I2C_Init)
    HAL_I2C_Mem_Read                         0x08000ae1   Thumb Code   574  stm32f1xx_hal_i2c.o(i.HAL_I2C_Mem_Read)
    HAL_I2C_Mem_Write                        0x08000d31   Thumb Code   294  stm32f1xx_hal_i2c.o(i.HAL_I2C_Mem_Write)
    HAL_I2C_MspInit                          0x08000e61   Thumb Code   124  i2c.o(i.HAL_I2C_MspInit)
    HAL_IncTick                              0x08000eed   Thumb Code    12  stm32f1xx_hal.o(i.HAL_IncTick)
    HAL_Init                                 0x08000efd   Thumb Code    32  stm32f1xx_hal.o(i.HAL_Init)
    HAL_InitTick                             0x08000f21   Thumb Code    54  stm32f1xx_hal.o(i.HAL_InitTick)
    HAL_MspInit                              0x08000f61   Thumb Code    52  stm32f1xx_hal_msp.o(i.HAL_MspInit)
    HAL_NVIC_EnableIRQ                       0x08000f9d   Thumb Code    26  stm32f1xx_hal_cortex.o(i.HAL_NVIC_EnableIRQ)
    HAL_NVIC_SetPriority                     0x08000fb9   Thumb Code    60  stm32f1xx_hal_cortex.o(i.HAL_NVIC_SetPriority)
    HAL_NVIC_SetPriorityGrouping             0x08000ff9   Thumb Code    26  stm32f1xx_hal_cortex.o(i.HAL_NVIC_SetPriorityGrouping)
    HAL_PCDEx_PMAConfig                      0x0800101d   Thumb Code    60  stm32f1xx_hal_pcd_ex.o(i.HAL_PCDEx_PMAConfig)
    HAL_PCDEx_SetConnectionState             0x08001059   Thumb Code     2  usbd_conf.o(i.HAL_PCDEx_SetConnectionState)
    HAL_PCD_DataInStageCallback              0x0800105b   Thumb Code    18  usbd_conf.o(i.HAL_PCD_DataInStageCallback)
    HAL_PCD_DataOutStageCallback             0x0800106d   Thumb Code    20  usbd_conf.o(i.HAL_PCD_DataOutStageCallback)
    HAL_PCD_EP_Close                         0x08001081   Thumb Code    76  stm32f1xx_hal_pcd.o(i.HAL_PCD_EP_Close)
    HAL_PCD_EP_ClrStall                      0x080010cd   Thumb Code    92  stm32f1xx_hal_pcd.o(i.HAL_PCD_EP_ClrStall)
    HAL_PCD_EP_GetRxCount                    0x0800153f   Thumb Code    18  stm32f1xx_hal_pcd.o(i.HAL_PCD_EP_GetRxCount)
    HAL_PCD_EP_Open                          0x08001551   Thumb Code    96  stm32f1xx_hal_pcd.o(i.HAL_PCD_EP_Open)
    HAL_PCD_EP_Receive                       0x080015b1   Thumb Code    50  stm32f1xx_hal_pcd.o(i.HAL_PCD_EP_Receive)
    HAL_PCD_EP_SetStall                      0x080015e3   Thumb Code   114  stm32f1xx_hal_pcd.o(i.HAL_PCD_EP_SetStall)
    HAL_PCD_EP_Transmit                      0x08001655   Thumb Code    52  stm32f1xx_hal_pcd.o(i.HAL_PCD_EP_Transmit)
    HAL_PCD_IRQHandler                       0x08001689   Thumb Code   340  stm32f1xx_hal_pcd.o(i.HAL_PCD_IRQHandler)
    HAL_PCD_Init                             0x080017dd   Thumb Code   218  stm32f1xx_hal_pcd.o(i.HAL_PCD_Init)
    HAL_PCD_MspInit                          0x080018b9   Thumb Code    50  usbd_conf.o(i.HAL_PCD_MspInit)
    HAL_PCD_ResetCallback                    0x080018f5   Thumb Code    38  usbd_conf.o(i.HAL_PCD_ResetCallback)
    HAL_PCD_ResumeCallback                   0x0800191b   Thumb Code     8  usbd_conf.o(i.HAL_PCD_ResumeCallback)
    HAL_PCD_SOFCallback                      0x08001923   Thumb Code     8  usbd_conf.o(i.HAL_PCD_SOFCallback)
    HAL_PCD_SetAddress                       0x0800192b   Thumb Code    40  stm32f1xx_hal_pcd.o(i.HAL_PCD_SetAddress)
    HAL_PCD_SetupStageCallback               0x08001953   Thumb Code    14  usbd_conf.o(i.HAL_PCD_SetupStageCallback)
    HAL_PCD_Start                            0x08001961   Thumb Code    50  stm32f1xx_hal_pcd.o(i.HAL_PCD_Start)
    HAL_PCD_SuspendCallback                  0x08001995   Thumb Code    30  usbd_conf.o(i.HAL_PCD_SuspendCallback)
    HAL_RCCEx_PeriphCLKConfig                0x080019b9   Thumb Code   224  stm32f1xx_hal_rcc_ex.o(i.HAL_RCCEx_PeriphCLKConfig)
    HAL_RCC_ClockConfig                      0x08001aa5   Thumb Code   280  stm32f1xx_hal_rcc.o(i.HAL_RCC_ClockConfig)
    HAL_RCC_GetPCLK1Freq                     0x08001bd1   Thumb Code    20  stm32f1xx_hal_rcc.o(i.HAL_RCC_GetPCLK1Freq)
    HAL_RCC_GetSysClockFreq                  0x08001bf1   Thumb Code    74  stm32f1xx_hal_rcc.o(i.HAL_RCC_GetSysClockFreq)
    HAL_RCC_OscConfig                        0x08001c5d   Thumb Code   778  stm32f1xx_hal_rcc.o(i.HAL_RCC_OscConfig)
    HAL_SPI_Init                             0x08001f7d   Thumb Code   178  stm32f1xx_hal_spi.o(i.HAL_SPI_Init)
    HAL_SPI_MspInit                          0x08002031   Thumb Code    80  spi.o(i.HAL_SPI_MspInit)
    HAL_SYSTICK_Config                       0x0800208d   Thumb Code    40  stm32f1xx_hal_cortex.o(i.HAL_SYSTICK_Config)
    HMC5883l_Calibrate_Angle_xz              0x080020b5   Thumb Code   160  hmc5883l.o(i.HMC5883l_Calibrate_Angle_xz)
    HMC5883l_Init                            0x08002161   Thumb Code    30  hmc5883l.o(i.HMC5883l_Init)
    HMC5883l_Read                            0x08002181   Thumb Code    62  hmc5883l.o(i.HMC5883l_Read)
    HardFault_Handler                        0x080021c5   Thumb Code     2  stm32f1xx_it.o(i.HardFault_Handler)
    MX_GPIO_Init                             0x080025cd   Thumb Code   190  gpio.o(i.MX_GPIO_Init)
    MX_I2C1_Init                             0x080026a1   Thumb Code    50  i2c.o(i.MX_I2C1_Init)
    MX_I2C2_Init                             0x080026e1   Thumb Code    50  i2c.o(i.MX_I2C2_Init)
    MX_SPI1_Init                             0x08002721   Thumb Code    60  spi.o(i.MX_SPI1_Init)
    MX_USB_DEVICE_Init                       0x08002765   Thumb Code    66  usb_device.o(i.MX_USB_DEVICE_Init)
    MemManage_Handler                        0x080027b9   Thumb Code     2  stm32f1xx_it.o(i.MemManage_Handler)
    NMI_Handler                              0x080027bb   Thumb Code     2  stm32f1xx_it.o(i.NMI_Handler)
    PendSV_Handler                           0x08002ad1   Thumb Code     2  stm32f1xx_it.o(i.PendSV_Handler)
    SVC_Handler                              0x08002ad3   Thumb Code     2  stm32f1xx_it.o(i.SVC_Handler)
    SysTick_Handler                          0x08002ad5   Thumb Code     4  stm32f1xx_it.o(i.SysTick_Handler)
    SystemClock_Config                       0x08002ad9   Thumb Code    96  main.o(i.SystemClock_Config)
    SystemInit                               0x08002b39   Thumb Code     2  system_stm32f1xx.o(i.SystemInit)
    USBD_CDC_GetDeviceQualifierDescriptor    0x08002c19   Thumb Code     8  usbd_cdc.o(i.USBD_CDC_GetDeviceQualifierDescriptor)
    USBD_CDC_ReceivePacket                   0x08002cdd   Thumb Code    40  usbd_cdc.o(i.USBD_CDC_ReceivePacket)
    USBD_CDC_RegisterInterface               0x08002d05   Thumb Code    16  usbd_cdc.o(i.USBD_CDC_RegisterInterface)
    USBD_CDC_SetRxBuffer                     0x08002d15   Thumb Code    12  usbd_cdc.o(i.USBD_CDC_SetRxBuffer)
    USBD_CDC_SetTxBuffer                     0x08002d21   Thumb Code    16  usbd_cdc.o(i.USBD_CDC_SetTxBuffer)
    USBD_CDC_TransmitPacket                  0x08002ddd   Thumb Code    54  usbd_cdc.o(i.USBD_CDC_TransmitPacket)
    USBD_ClrClassConfig                      0x08002e13   Thumb Code    14  usbd_core.o(i.USBD_ClrClassConfig)
    USBD_CtlContinueRx                       0x08002e21   Thumb Code    16  usbd_ioreq.o(i.USBD_CtlContinueRx)
    USBD_CtlContinueSendData                 0x08002e31   Thumb Code    16  usbd_ioreq.o(i.USBD_CtlContinueSendData)
    USBD_CtlError                            0x08002e41   Thumb Code    22  usbd_ctlreq.o(i.USBD_CtlError)
    USBD_CtlPrepareRx                        0x08002e57   Thumb Code    30  usbd_ioreq.o(i.USBD_CtlPrepareRx)
    USBD_CtlReceiveStatus                    0x08002e75   Thumb Code    22  usbd_ioreq.o(i.USBD_CtlReceiveStatus)
    USBD_CtlSendData                         0x08002e8b   Thumb Code    26  usbd_ioreq.o(i.USBD_CtlSendData)
    USBD_CtlSendStatus                       0x08002ea5   Thumb Code    22  usbd_ioreq.o(i.USBD_CtlSendStatus)
    USBD_FS_ConfigStrDescriptor              0x08002ebd   Thumb Code    16  usbd_desc.o(i.USBD_FS_ConfigStrDescriptor)
    USBD_FS_DeviceDescriptor                 0x08002edd   Thumb Code     8  usbd_desc.o(i.USBD_FS_DeviceDescriptor)
    USBD_FS_InterfaceStrDescriptor           0x08002ee9   Thumb Code    16  usbd_desc.o(i.USBD_FS_InterfaceStrDescriptor)
    USBD_FS_LangIDStrDescriptor              0x08002f0d   Thumb Code     8  usbd_desc.o(i.USBD_FS_LangIDStrDescriptor)
    USBD_FS_ManufacturerStrDescriptor        0x08002f19   Thumb Code    16  usbd_desc.o(i.USBD_FS_ManufacturerStrDescriptor)
    USBD_FS_ProductStrDescriptor             0x08002f41   Thumb Code    16  usbd_desc.o(i.USBD_FS_ProductStrDescriptor)
    USBD_FS_SerialStrDescriptor              0x08002f6d   Thumb Code    48  usbd_desc.o(i.USBD_FS_SerialStrDescriptor)
    USBD_GetString                           0x0800308d   Thumb Code    72  usbd_ctlreq.o(i.USBD_GetString)
    USBD_Init                                0x080030ed   Thumb Code    42  usbd_core.o(i.USBD_Init)
    USBD_LL_ClearStallEP                     0x08003117   Thumb Code    18  usbd_conf.o(i.USBD_LL_ClearStallEP)
    USBD_LL_CloseEP                          0x08003129   Thumb Code    18  usbd_conf.o(i.USBD_LL_CloseEP)
    USBD_LL_DataInStage                      0x0800313b   Thumb Code   198  usbd_core.o(i.USBD_LL_DataInStage)
    USBD_LL_DataOutStage                     0x08003201   Thumb Code   130  usbd_core.o(i.USBD_LL_DataOutStage)
    USBD_LL_GetRxDataSize                    0x08003283   Thumb Code     8  usbd_conf.o(i.USBD_LL_GetRxDataSize)
    USBD_LL_Init                             0x0800328d   Thumb Code   118  usbd_conf.o(i.USBD_LL_Init)
    USBD_LL_IsStallEP                        0x0800330d   Thumb Code    32  usbd_conf.o(i.USBD_LL_IsStallEP)
    USBD_LL_OpenEP                           0x0800332d   Thumb Code    24  usbd_conf.o(i.USBD_LL_OpenEP)
    USBD_LL_PrepareReceive                   0x08003345   Thumb Code    18  usbd_conf.o(i.USBD_LL_PrepareReceive)
    USBD_LL_Reset                            0x08003357   Thumb Code    80  usbd_core.o(i.USBD_LL_Reset)
    USBD_LL_Resume                           0x080033a7   Thumb Code    20  usbd_core.o(i.USBD_LL_Resume)
    USBD_LL_SOF                              0x080033bb   Thumb Code    24  usbd_core.o(i.USBD_LL_SOF)
    USBD_LL_SetSpeed                         0x080033d3   Thumb Code     6  usbd_core.o(i.USBD_LL_SetSpeed)
    USBD_LL_SetUSBAddress                    0x080033d9   Thumb Code    18  usbd_conf.o(i.USBD_LL_SetUSBAddress)
    USBD_LL_SetupStage                       0x080033eb   Thumb Code    90  usbd_core.o(i.USBD_LL_SetupStage)
    USBD_LL_StallEP                          0x08003445   Thumb Code    18  usbd_conf.o(i.USBD_LL_StallEP)
    USBD_LL_Start                            0x08003457   Thumb Code    18  usbd_conf.o(i.USBD_LL_Start)
    USBD_LL_Suspend                          0x08003469   Thumb Code    18  usbd_core.o(i.USBD_LL_Suspend)
    USBD_LL_Transmit                         0x0800347b   Thumb Code    18  usbd_conf.o(i.USBD_LL_Transmit)
    USBD_ParseSetupRequest                   0x0800348d   Thumb Code    40  usbd_ctlreq.o(i.USBD_ParseSetupRequest)
    USBD_RegisterClass                       0x080034b5   Thumb Code    16  usbd_core.o(i.USBD_RegisterClass)
    USBD_SetClassConfig                      0x080034c5   Thumb Code    22  usbd_core.o(i.USBD_SetClassConfig)
    USBD_Start                               0x08003561   Thumb Code    10  usbd_core.o(i.USBD_Start)
    USBD_StdDevReq                           0x0800356b   Thumb Code   274  usbd_ctlreq.o(i.USBD_StdDevReq)
    USBD_StdEPReq                            0x0800367d   Thumb Code   336  usbd_ctlreq.o(i.USBD_StdEPReq)
    USBD_StdItfReq                           0x080037cd   Thumb Code    78  usbd_ctlreq.o(i.USBD_StdItfReq)
    USBD_static_free                         0x0800381b   Thumb Code     2  usbd_conf.o(i.USBD_static_free)
    USBD_static_malloc                       0x0800381d   Thumb Code     4  usbd_conf.o(i.USBD_static_malloc)
    USB_ActivateEndpoint                     0x08003825   Thumb Code   600  stm32f1xx_ll_usb.o(i.USB_ActivateEndpoint)
    USB_CoreInit                             0x08003a7d   Thumb Code     4  stm32f1xx_ll_usb.o(i.USB_CoreInit)
    USB_DeactivateEndpoint                   0x08003a81   Thumb Code   270  stm32f1xx_ll_usb.o(i.USB_DeactivateEndpoint)
    USB_DevConnect                           0x08003b8f   Thumb Code     4  stm32f1xx_ll_usb.o(i.USB_DevConnect)
    USB_DevDisconnect                        0x08003b93   Thumb Code     4  stm32f1xx_ll_usb.o(i.USB_DevDisconnect)
    USB_DevInit                              0x08003b97   Thumb Code    18  stm32f1xx_ll_usb.o(i.USB_DevInit)
    USB_DisableGlobalInt                     0x08003ba9   Thumb Code    14  stm32f1xx_ll_usb.o(i.USB_DisableGlobalInt)
    USB_EP0_OutStart                         0x08003bb7   Thumb Code     4  stm32f1xx_ll_usb.o(i.USB_EP0_OutStart)
    USB_EPClearStall                         0x08003bbb   Thumb Code   120  stm32f1xx_ll_usb.o(i.USB_EPClearStall)
    USB_EPSetStall                           0x08003c33   Thumb Code    50  stm32f1xx_ll_usb.o(i.USB_EPSetStall)
    USB_EPStartXfer                          0x08003c65   Thumb Code  1548  stm32f1xx_ll_usb.o(i.USB_EPStartXfer)
    USB_EnableGlobalInt                      0x08004271   Thumb Code    18  stm32f1xx_ll_usb.o(i.USB_EnableGlobalInt)
    USB_LP_CAN1_RX0_IRQHandler               0x08004285   Thumb Code     6  stm32f1xx_it.o(i.USB_LP_CAN1_RX0_IRQHandler)
    USB_ReadInterrupts                       0x08004291   Thumb Code     6  stm32f1xx_ll_usb.o(i.USB_ReadInterrupts)
    USB_ReadPMA                              0x08004299   Thumb Code    44  stm32f1xx_ll_usb.o(i.USB_ReadPMA)
    USB_SetCurrentMode                       0x080042c5   Thumb Code     4  stm32f1xx_ll_usb.o(i.USB_SetCurrentMode)
    USB_SetDevAddress                        0x080042c9   Thumb Code    12  stm32f1xx_ll_usb.o(i.USB_SetDevAddress)
    USB_WritePMA                             0x080042d5   Thumb Code    38  stm32f1xx_ll_usb.o(i.USB_WritePMA)
    UsageFault_Handler                       0x080042fb   Thumb Code     2  stm32f1xx_it.o(i.UsageFault_Handler)
    __ARM_fpclassify                         0x080042fd   Thumb Code    40  fpclassify.o(i.__ARM_fpclassify)
    __kernel_poly                            0x08004345   Thumb Code   170  poly.o(i.__kernel_poly)
    __mathlib_dbl_infnan                     0x080043ef   Thumb Code     6  dunder.o(i.__mathlib_dbl_infnan)
    __mathlib_dbl_infnan2                    0x080043f5   Thumb Code     4  dunder.o(i.__mathlib_dbl_infnan2)
    __mathlib_dbl_underflow                  0x080043f9   Thumb Code    10  dunder.o(i.__mathlib_dbl_underflow)
    __scatterload_copy                       0x08004409   Thumb Code    14  handlers.o(i.__scatterload_copy)
    __scatterload_null                       0x08004417   Thumb Code     2  handlers.o(i.__scatterload_null)
    __scatterload_zeroinit                   0x08004419   Thumb Code    14  handlers.o(i.__scatterload_zeroinit)
    atan                                     0x08004429   Thumb Code   474  atan.o(i.atan)
    atan2                                    0x08004649   Thumb Code   346  atan2.o(i.atan2)
    get_direction                            0x080047c9   Thumb Code   236  hmc5883l.o(i.get_direction)
    get_direction_str                        0x080048ed   Thumb Code    58  hmc5883l.o(i.get_direction_str)
    main                                     0x0800496d   Thumb Code    56  main.o(i.main)
    AHBPrescTable                            0x080049ac   Data          16  system_stm32f1xx.o(.constdata)
    APBPrescTable                            0x080049bc   Data           8  system_stm32f1xx.o(.constdata)
    __mathlib_zero                           0x08004a60   Data           8  qnan.o(.constdata)
    Region$$Table$$Base                      0x08004a68   Number         0  anon$$obj.o(Region$$Table)
    Region$$Table$$Limit                     0x08004a88   Number         0  anon$$obj.o(Region$$Table)
    des                                      0x20000000   Data           4  main.o(.data)
    FS_Desc                                  0x20000004   Data          28  usbd_desc.o(.data)
    USBD_LangIDDesc                          0x20000020   Data           4  usbd_desc.o(.data)
    USBD_FS_DeviceDesc                       0x20000024   Data          18  usbd_desc.o(.data)
    USBD_StringSerial                        0x20000038   Data          26  usbd_desc.o(.data)
    USBD_Interface_fops_FS                   0x20000054   Data          16  usbd_cdc_if.o(.data)
    uwTickFreq                               0x20000064   Data           1  stm32f1xx_hal.o(.data)
    uwTickPrio                               0x20000068   Data           4  stm32f1xx_hal.o(.data)
    uwTick                                   0x2000006c   Data           4  stm32f1xx_hal.o(.data)
    SystemCoreClock                          0x20000070   Data           4  system_stm32f1xx.o(.data)
    USBD_CDC_CfgHSDesc                       0x20000084   Data          67  usbd_cdc.o(.data)
    USBD_CDC_CfgFSDesc                       0x200000c8   Data          67  usbd_cdc.o(.data)
    USBD_CDC_OtherSpeedCfgDesc               0x2000010c   Data          67  usbd_cdc.o(.data)
    USBD_CDC                                 0x20000150   Data          56  usbd_cdc.o(.data)
    hi2c1                                    0x20000188   Data          84  i2c.o(.bss)
    hi2c2                                    0x200001dc   Data          84  i2c.o(.bss)
    hspi1                                    0x20000230   Data          88  spi.o(.bss)
    hUsbDeviceFS                             0x20000288   Data         708  usb_device.o(.bss)
    hpcd_USB_FS                              0x2000076c   Data         748  usbd_conf.o(.bss)
    USBD_StrDesc                             0x20000a58   Data         512  usbd_desc.o(.bss)
    UserRxBufferFS                           0x20000c58   Data        1000  usbd_cdc_if.o(.bss)
    UserTxBufferFS                           0x20001040   Data        1000  usbd_cdc_if.o(.bss)
    __initial_sp                             0x20001828   Data           0  startup_stm32f103xb.o(STACK)



==============================================================================

Memory Map of the image

  Image Entry point : 0x080000ed

  Load Region LR_IROM1 (Base: 0x08000000, Size: 0x00004c10, Max: 0x00010000, ABSOLUTE, COMPRESSED[0x00004b48])

    Execution Region ER_IROM1 (Exec base: 0x08000000, Load base: 0x08000000, Size: 0x00004a88, Max: 0x00010000, ABSOLUTE)

    Exec Addr    Load Addr    Size         Type   Attr      Idx    E Section Name        Object

    0x08000000   0x08000000   0x000000ec   Data   RO            3    RESET               startup_stm32f103xb.o
    0x080000ec   0x080000ec   0x00000000   Code   RO         3529  * .ARM.Collect$$$$00000000  mc_w.l(entry.o)
    0x080000ec   0x080000ec   0x00000004   Code   RO         3575    .ARM.Collect$$$$00000001  mc_w.l(entry2.o)
    0x080000f0   0x080000f0   0x00000004   Code   RO         3578    .ARM.Collect$$$$00000004  mc_w.l(entry5.o)
    0x080000f4   0x080000f4   0x00000000   Code   RO         3580    .ARM.Collect$$$$00000008  mc_w.l(entry7b.o)
    0x080000f4   0x080000f4   0x00000000   Code   RO         3582    .ARM.Collect$$$$0000000A  mc_w.l(entry8b.o)
    0x080000f4   0x080000f4   0x00000008   Code   RO         3583    .ARM.Collect$$$$0000000B  mc_w.l(entry9a.o)
    0x080000fc   0x080000fc   0x00000000   Code   RO         3585    .ARM.Collect$$$$0000000D  mc_w.l(entry10a.o)
    0x080000fc   0x080000fc   0x00000000   Code   RO         3587    .ARM.Collect$$$$0000000F  mc_w.l(entry11a.o)
    0x080000fc   0x080000fc   0x00000004   Code   RO         3576    .ARM.Collect$$$$00002712  mc_w.l(entry2.o)
    0x08000100   0x08000100   0x00000024   Code   RO            4    .text               startup_stm32f103xb.o
    0x08000124   0x08000124   0x00000020   Code   RO         3532    .text               mc_w.l(llushr.o)
    0x08000144   0x08000144   0x00000024   Code   RO         3534    .text               mc_w.l(memcpya.o)
    0x08000168   0x08000168   0x00000024   Code   RO         3536    .text               mc_w.l(memseta.o)
    0x0800018c   0x0800018c   0x0000014e   Code   RO         3540    .text               mf_w.l(dadd.o)
    0x080002da   0x080002da   0x000000e4   Code   RO         3542    .text               mf_w.l(dmul.o)
    0x080003be   0x080003be   0x00000022   Code   RO         3544    .text               mf_w.l(dflti.o)
    0x080003e0   0x080003e0   0x00000030   Code   RO         3546    .text               mf_w.l(cdcmple.o)
    0x08000410   0x08000410   0x00000030   Code   RO         3548    .text               mf_w.l(cdrcmple.o)
    0x08000440   0x08000440   0x0000001e   Code   RO         3589    .text               mc_w.l(llshl.o)
    0x0800045e   0x0800045e   0x00000024   Code   RO         3591    .text               mc_w.l(llsshr.o)
    0x08000482   0x08000482   0x00000000   Code   RO         3600    .text               mc_w.l(iusefp.o)
    0x08000482   0x08000482   0x000000ba   Code   RO         3601    .text               mf_w.l(depilogue.o)
    0x0800053c   0x0800053c   0x000000de   Code   RO         3603    .text               mf_w.l(ddiv.o)
    0x0800061a   0x0800061a   0x00000002   PAD
    0x0800061c   0x0800061c   0x00000024   Code   RO         3609    .text               mc_w.l(init.o)
    0x08000640   0x08000640   0x0000002e   Code   RO         3611    .text               mf_w.l(dscalb.o)
    0x0800066e   0x0800066e   0x00000056   Code   RO         3621    .text               mc_w.l(__dczerorl2.o)
    0x080006c4   0x080006c4   0x00000002   Code   RO          694    i.BusFault_Handler  stm32f1xx_it.o
    0x080006c6   0x080006c6   0x00000004   Code   RO          642    i.CDC_Control_FS    usbd_cdc_if.o
    0x080006ca   0x080006ca   0x00000004   Code   RO          643    i.CDC_DeInit_FS     usbd_cdc_if.o
    0x080006ce   0x080006ce   0x00000002   PAD
    0x080006d0   0x080006d0   0x00000024   Code   RO          644    i.CDC_Init_FS       usbd_cdc_if.o
    0x080006f4   0x080006f4   0x00000018   Code   RO          645    i.CDC_Receive_FS    usbd_cdc_if.o
    0x0800070c   0x0800070c   0x0000002c   Code   RO          646    i.CDC_Transmit_FS   usbd_cdc_if.o
    0x08000738   0x08000738   0x00000002   Code   RO          695    i.DebugMon_Handler  stm32f1xx_it.o
    0x0800073a   0x0800073a   0x00000002   Code   RO           13    i.Error_Handler     main.o
    0x0800073c   0x0800073c   0x00000024   Code   RO         1296    i.HAL_Delay         stm32f1xx_hal.o
    0x08000760   0x08000760   0x000001e0   Code   RO         1604    i.HAL_GPIO_Init     stm32f1xx_hal_gpio.o
    0x08000940   0x08000940   0x0000000a   Code   RO         1608    i.HAL_GPIO_WritePin  stm32f1xx_hal_gpio.o
    0x0800094a   0x0800094a   0x00000002   PAD
    0x0800094c   0x0800094c   0x0000000c   Code   RO         1300    i.HAL_GetTick       stm32f1xx_hal.o
    0x08000958   0x08000958   0x00000188   Code   RO         2275    i.HAL_I2C_Init      stm32f1xx_hal_i2c.o
    0x08000ae0   0x08000ae0   0x00000250   Code   RO         2293    i.HAL_I2C_Mem_Read  stm32f1xx_hal_i2c.o
    0x08000d30   0x08000d30   0x00000130   Code   RO         2296    i.HAL_I2C_Mem_Write  stm32f1xx_hal_i2c.o
    0x08000e60   0x08000e60   0x0000008c   Code   RO          224    i.HAL_I2C_MspInit   i2c.o
    0x08000eec   0x08000eec   0x00000010   Code   RO         1306    i.HAL_IncTick       stm32f1xx_hal.o
    0x08000efc   0x08000efc   0x00000024   Code   RO         1307    i.HAL_Init          stm32f1xx_hal.o
    0x08000f20   0x08000f20   0x00000040   Code   RO         1308    i.HAL_InitTick      stm32f1xx_hal.o
    0x08000f60   0x08000f60   0x0000003c   Code   RO          776    i.HAL_MspInit       stm32f1xx_hal_msp.o
    0x08000f9c   0x08000f9c   0x0000001a   Code   RO         1764    i.HAL_NVIC_EnableIRQ  stm32f1xx_hal_cortex.o
    0x08000fb6   0x08000fb6   0x00000002   PAD
    0x08000fb8   0x08000fb8   0x00000040   Code   RO         1770    i.HAL_NVIC_SetPriority  stm32f1xx_hal_cortex.o
    0x08000ff8   0x08000ff8   0x00000024   Code   RO         1771    i.HAL_NVIC_SetPriorityGrouping  stm32f1xx_hal_cortex.o
    0x0800101c   0x0800101c   0x0000003c   Code   RO         1069    i.HAL_PCDEx_PMAConfig  stm32f1xx_hal_pcd_ex.o
    0x08001058   0x08001058   0x00000002   Code   RO          344    i.HAL_PCDEx_SetConnectionState  usbd_conf.o
    0x0800105a   0x0800105a   0x00000012   Code   RO          346    i.HAL_PCD_DataInStageCallback  usbd_conf.o
    0x0800106c   0x0800106c   0x00000014   Code   RO          347    i.HAL_PCD_DataOutStageCallback  usbd_conf.o
    0x08001080   0x08001080   0x0000004c   Code   RO          845    i.HAL_PCD_EP_Close  stm32f1xx_hal_pcd.o
    0x080010cc   0x080010cc   0x0000005c   Code   RO          846    i.HAL_PCD_EP_ClrStall  stm32f1xx_hal_pcd.o
    0x08001128   0x08001128   0x000000e6   Code   RO          847    i.HAL_PCD_EP_DB_Receive  stm32f1xx_hal_pcd.o
    0x0800120e   0x0800120e   0x00000330   Code   RO          848    i.HAL_PCD_EP_DB_Transmit  stm32f1xx_hal_pcd.o
    0x0800153e   0x0800153e   0x00000012   Code   RO          850    i.HAL_PCD_EP_GetRxCount  stm32f1xx_hal_pcd.o
    0x08001550   0x08001550   0x00000060   Code   RO          851    i.HAL_PCD_EP_Open   stm32f1xx_hal_pcd.o
    0x080015b0   0x080015b0   0x00000032   Code   RO          852    i.HAL_PCD_EP_Receive  stm32f1xx_hal_pcd.o
    0x080015e2   0x080015e2   0x00000072   Code   RO          853    i.HAL_PCD_EP_SetStall  stm32f1xx_hal_pcd.o
    0x08001654   0x08001654   0x00000034   Code   RO          854    i.HAL_PCD_EP_Transmit  stm32f1xx_hal_pcd.o
    0x08001688   0x08001688   0x00000154   Code   RO          856    i.HAL_PCD_IRQHandler  stm32f1xx_hal_pcd.o
    0x080017dc   0x080017dc   0x000000da   Code   RO          859    i.HAL_PCD_Init      stm32f1xx_hal_pcd.o
    0x080018b6   0x080018b6   0x00000002   PAD
    0x080018b8   0x080018b8   0x0000003c   Code   RO          352    i.HAL_PCD_MspInit   usbd_conf.o
    0x080018f4   0x080018f4   0x00000026   Code   RO          353    i.HAL_PCD_ResetCallback  usbd_conf.o
    0x0800191a   0x0800191a   0x00000008   Code   RO          354    i.HAL_PCD_ResumeCallback  usbd_conf.o
    0x08001922   0x08001922   0x00000008   Code   RO          355    i.HAL_PCD_SOFCallback  usbd_conf.o
    0x0800192a   0x0800192a   0x00000028   Code   RO          865    i.HAL_PCD_SetAddress  stm32f1xx_hal_pcd.o
    0x08001952   0x08001952   0x0000000e   Code   RO          356    i.HAL_PCD_SetupStageCallback  usbd_conf.o
    0x08001960   0x08001960   0x00000032   Code   RO          867    i.HAL_PCD_Start     stm32f1xx_hal_pcd.o
    0x08001992   0x08001992   0x00000002   PAD
    0x08001994   0x08001994   0x00000024   Code   RO          357    i.HAL_PCD_SuspendCallback  usbd_conf.o
    0x080019b8   0x080019b8   0x000000ec   Code   RO         1567    i.HAL_RCCEx_PeriphCLKConfig  stm32f1xx_hal_rcc_ex.o
    0x08001aa4   0x08001aa4   0x0000012c   Code   RO         1464    i.HAL_RCC_ClockConfig  stm32f1xx_hal_rcc.o
    0x08001bd0   0x08001bd0   0x00000020   Code   RO         1471    i.HAL_RCC_GetPCLK1Freq  stm32f1xx_hal_rcc.o
    0x08001bf0   0x08001bf0   0x0000006c   Code   RO         1473    i.HAL_RCC_GetSysClockFreq  stm32f1xx_hal_rcc.o
    0x08001c5c   0x08001c5c   0x00000320   Code   RO         1476    i.HAL_RCC_OscConfig  stm32f1xx_hal_rcc.o
    0x08001f7c   0x08001f7c   0x000000b2   Code   RO         2707    i.HAL_SPI_Init      stm32f1xx_hal_spi.o
    0x0800202e   0x0800202e   0x00000002   PAD
    0x08002030   0x08002030   0x0000005c   Code   RO          272    i.HAL_SPI_MspInit   spi.o
    0x0800208c   0x0800208c   0x00000028   Code   RO         1775    i.HAL_SYSTICK_Config  stm32f1xx_hal_cortex.o
    0x080020b4   0x080020b4   0x000000ac   Code   RO         3093    i.HMC5883l_Calibrate_Angle_xz  hmc5883l.o
    0x08002160   0x08002160   0x0000001e   Code   RO         3094    i.HMC5883l_Init     hmc5883l.o
    0x0800217e   0x0800217e   0x00000002   PAD
    0x08002180   0x08002180   0x00000044   Code   RO         3095    i.HMC5883l_Read     hmc5883l.o
    0x080021c4   0x080021c4   0x00000002   Code   RO          696    i.HardFault_Handler  stm32f1xx_it.o
    0x080021c6   0x080021c6   0x0000002e   Code   RO         2317    i.I2C_IsAcknowledgeFailed  stm32f1xx_hal_i2c.o
    0x080021f4   0x080021f4   0x000000fc   Code   RO         2327    i.I2C_RequestMemoryRead  stm32f1xx_hal_i2c.o
    0x080022f0   0x080022f0   0x000000a8   Code   RO         2328    i.I2C_RequestMemoryWrite  stm32f1xx_hal_i2c.o
    0x08002398   0x08002398   0x0000004c   Code   RO         2332    i.I2C_WaitOnBTFFlagUntilTimeout  stm32f1xx_hal_i2c.o
    0x080023e4   0x080023e4   0x00000068   Code   RO         2333    i.I2C_WaitOnFlagUntilTimeout  stm32f1xx_hal_i2c.o
    0x0800244c   0x0800244c   0x00000096   Code   RO         2334    i.I2C_WaitOnMasterAddressFlagUntilTimeout  stm32f1xx_hal_i2c.o
    0x080024e2   0x080024e2   0x00000066   Code   RO         2335    i.I2C_WaitOnRXNEFlagUntilTimeout  stm32f1xx_hal_i2c.o
    0x08002548   0x08002548   0x0000004c   Code   RO         2336    i.I2C_WaitOnTXEFlagUntilTimeout  stm32f1xx_hal_i2c.o
    0x08002594   0x08002594   0x00000038   Code   RO          556    i.IntToUnicode      usbd_desc.o
    0x080025cc   0x080025cc   0x000000d4   Code   RO          199    i.MX_GPIO_Init      gpio.o
    0x080026a0   0x080026a0   0x00000040   Code   RO          225    i.MX_I2C1_Init      i2c.o
    0x080026e0   0x080026e0   0x00000040   Code   RO          226    i.MX_I2C2_Init      i2c.o
    0x08002720   0x08002720   0x00000044   Code   RO          273    i.MX_SPI1_Init      spi.o
    0x08002764   0x08002764   0x00000054   Code   RO          313    i.MX_USB_DEVICE_Init  usb_device.o
    0x080027b8   0x080027b8   0x00000002   Code   RO          697    i.MemManage_Handler  stm32f1xx_it.o
    0x080027ba   0x080027ba   0x00000002   Code   RO          698    i.NMI_Handler       stm32f1xx_it.o
    0x080027bc   0x080027bc   0x00000314   Code   RO          871    i.PCD_EP_ISR_Handler  stm32f1xx_hal_pcd.o
    0x08002ad0   0x08002ad0   0x00000002   Code   RO          699    i.PendSV_Handler    stm32f1xx_it.o
    0x08002ad2   0x08002ad2   0x00000002   Code   RO          700    i.SVC_Handler       stm32f1xx_it.o
    0x08002ad4   0x08002ad4   0x00000004   Code   RO          701    i.SysTick_Handler   stm32f1xx_it.o
    0x08002ad8   0x08002ad8   0x00000060   Code   RO           14    i.SystemClock_Config  main.o
    0x08002b38   0x08002b38   0x00000002   Code   RO         3055    i.SystemInit        system_stm32f1xx.o
    0x08002b3a   0x08002b3a   0x00000046   Code   RO         3418    i.USBD_CDC_DataIn   usbd_cdc.o
    0x08002b80   0x08002b80   0x0000002e   Code   RO         3419    i.USBD_CDC_DataOut  usbd_cdc.o
    0x08002bae   0x08002bae   0x00000044   Code   RO         3420    i.USBD_CDC_DeInit   usbd_cdc.o
    0x08002bf2   0x08002bf2   0x00000024   Code   RO         3421    i.USBD_CDC_EP0_RxReady  usbd_cdc.o
    0x08002c16   0x08002c16   0x00000002   PAD
    0x08002c18   0x08002c18   0x0000000c   Code   RO         3422    i.USBD_CDC_GetDeviceQualifierDescriptor  usbd_cdc.o
    0x08002c24   0x08002c24   0x0000000c   Code   RO         3423    i.USBD_CDC_GetFSCfgDesc  usbd_cdc.o
    0x08002c30   0x08002c30   0x0000000c   Code   RO         3424    i.USBD_CDC_GetHSCfgDesc  usbd_cdc.o
    0x08002c3c   0x08002c3c   0x0000000c   Code   RO         3425    i.USBD_CDC_GetOtherSpeedCfgDesc  usbd_cdc.o
    0x08002c48   0x08002c48   0x00000094   Code   RO         3426    i.USBD_CDC_Init     usbd_cdc.o
    0x08002cdc   0x08002cdc   0x00000028   Code   RO         3427    i.USBD_CDC_ReceivePacket  usbd_cdc.o
    0x08002d04   0x08002d04   0x00000010   Code   RO         3428    i.USBD_CDC_RegisterInterface  usbd_cdc.o
    0x08002d14   0x08002d14   0x0000000c   Code   RO         3429    i.USBD_CDC_SetRxBuffer  usbd_cdc.o
    0x08002d20   0x08002d20   0x00000010   Code   RO         3430    i.USBD_CDC_SetTxBuffer  usbd_cdc.o
    0x08002d30   0x08002d30   0x000000ac   Code   RO         3431    i.USBD_CDC_Setup    usbd_cdc.o
    0x08002ddc   0x08002ddc   0x00000036   Code   RO         3432    i.USBD_CDC_TransmitPacket  usbd_cdc.o
    0x08002e12   0x08002e12   0x0000000e   Code   RO         3155    i.USBD_ClrClassConfig  usbd_core.o
    0x08002e20   0x08002e20   0x00000010   Code   RO         3358    i.USBD_CtlContinueRx  usbd_ioreq.o
    0x08002e30   0x08002e30   0x00000010   Code   RO         3359    i.USBD_CtlContinueSendData  usbd_ioreq.o
    0x08002e40   0x08002e40   0x00000016   Code   RO         3293    i.USBD_CtlError     usbd_ctlreq.o
    0x08002e56   0x08002e56   0x0000001e   Code   RO         3360    i.USBD_CtlPrepareRx  usbd_ioreq.o
    0x08002e74   0x08002e74   0x00000016   Code   RO         3361    i.USBD_CtlReceiveStatus  usbd_ioreq.o
    0x08002e8a   0x08002e8a   0x0000001a   Code   RO         3362    i.USBD_CtlSendData  usbd_ioreq.o
    0x08002ea4   0x08002ea4   0x00000016   Code   RO         3363    i.USBD_CtlSendStatus  usbd_ioreq.o
    0x08002eba   0x08002eba   0x00000002   PAD
    0x08002ebc   0x08002ebc   0x00000020   Code   RO          557    i.USBD_FS_ConfigStrDescriptor  usbd_desc.o
    0x08002edc   0x08002edc   0x0000000c   Code   RO          558    i.USBD_FS_DeviceDescriptor  usbd_desc.o
    0x08002ee8   0x08002ee8   0x00000024   Code   RO          559    i.USBD_FS_InterfaceStrDescriptor  usbd_desc.o
    0x08002f0c   0x08002f0c   0x0000000c   Code   RO          560    i.USBD_FS_LangIDStrDescriptor  usbd_desc.o
    0x08002f18   0x08002f18   0x00000028   Code   RO          561    i.USBD_FS_ManufacturerStrDescriptor  usbd_desc.o
    0x08002f40   0x08002f40   0x0000002c   Code   RO          562    i.USBD_FS_ProductStrDescriptor  usbd_desc.o
    0x08002f6c   0x08002f6c   0x00000038   Code   RO          563    i.USBD_FS_SerialStrDescriptor  usbd_desc.o
    0x08002fa4   0x08002fa4   0x000000e8   Code   RO         3294    i.USBD_GetDescriptor  usbd_ctlreq.o
    0x0800308c   0x0800308c   0x00000048   Code   RO         3295    i.USBD_GetString    usbd_ctlreq.o
    0x080030d4   0x080030d4   0x00000018   Code   RO          358    i.USBD_Get_USB_Status  usbd_conf.o
    0x080030ec   0x080030ec   0x0000002a   Code   RO         3157    i.USBD_Init         usbd_core.o
    0x08003116   0x08003116   0x00000012   Code   RO          359    i.USBD_LL_ClearStallEP  usbd_conf.o
    0x08003128   0x08003128   0x00000012   Code   RO          360    i.USBD_LL_CloseEP   usbd_conf.o
    0x0800313a   0x0800313a   0x000000c6   Code   RO         3158    i.USBD_LL_DataInStage  usbd_core.o
    0x08003200   0x08003200   0x00000082   Code   RO         3159    i.USBD_LL_DataOutStage  usbd_core.o
    0x08003282   0x08003282   0x00000008   Code   RO          364    i.USBD_LL_GetRxDataSize  usbd_conf.o
    0x0800328a   0x0800328a   0x00000002   PAD
    0x0800328c   0x0800328c   0x00000080   Code   RO          365    i.USBD_LL_Init      usbd_conf.o
    0x0800330c   0x0800330c   0x00000020   Code   RO          366    i.USBD_LL_IsStallEP  usbd_conf.o
    0x0800332c   0x0800332c   0x00000018   Code   RO          367    i.USBD_LL_OpenEP    usbd_conf.o
    0x08003344   0x08003344   0x00000012   Code   RO          368    i.USBD_LL_PrepareReceive  usbd_conf.o
    0x08003356   0x08003356   0x00000050   Code   RO         3164    i.USBD_LL_Reset     usbd_core.o
    0x080033a6   0x080033a6   0x00000014   Code   RO         3165    i.USBD_LL_Resume    usbd_core.o
    0x080033ba   0x080033ba   0x00000018   Code   RO         3166    i.USBD_LL_SOF       usbd_core.o
    0x080033d2   0x080033d2   0x00000006   Code   RO         3167    i.USBD_LL_SetSpeed  usbd_core.o
    0x080033d8   0x080033d8   0x00000012   Code   RO          369    i.USBD_LL_SetUSBAddress  usbd_conf.o
    0x080033ea   0x080033ea   0x0000005a   Code   RO         3168    i.USBD_LL_SetupStage  usbd_core.o
    0x08003444   0x08003444   0x00000012   Code   RO          370    i.USBD_LL_StallEP   usbd_conf.o
    0x08003456   0x08003456   0x00000012   Code   RO          371    i.USBD_LL_Start     usbd_conf.o
    0x08003468   0x08003468   0x00000012   Code   RO         3169    i.USBD_LL_Suspend   usbd_core.o
    0x0800347a   0x0800347a   0x00000012   Code   RO          373    i.USBD_LL_Transmit  usbd_conf.o
    0x0800348c   0x0800348c   0x00000028   Code   RO         3296    i.USBD_ParseSetupRequest  usbd_ctlreq.o
    0x080034b4   0x080034b4   0x00000010   Code   RO         3170    i.USBD_RegisterClass  usbd_core.o
    0x080034c4   0x080034c4   0x00000016   Code   RO         3172    i.USBD_SetClassConfig  usbd_core.o
    0x080034da   0x080034da   0x00000002   PAD
    0x080034dc   0x080034dc   0x00000084   Code   RO         3297    i.USBD_SetConfig    usbd_ctlreq.o
    0x08003560   0x08003560   0x0000000a   Code   RO         3173    i.USBD_Start        usbd_core.o
    0x0800356a   0x0800356a   0x00000112   Code   RO         3298    i.USBD_StdDevReq    usbd_ctlreq.o
    0x0800367c   0x0800367c   0x00000150   Code   RO         3299    i.USBD_StdEPReq     usbd_ctlreq.o
    0x080037cc   0x080037cc   0x0000004e   Code   RO         3300    i.USBD_StdItfReq    usbd_ctlreq.o
    0x0800381a   0x0800381a   0x00000002   Code   RO          374    i.USBD_static_free  usbd_conf.o
    0x0800381c   0x0800381c   0x00000008   Code   RO          375    i.USBD_static_malloc  usbd_conf.o
    0x08003824   0x08003824   0x00000258   Code   RO         1109    i.USB_ActivateEndpoint  stm32f1xx_ll_usb.o
    0x08003a7c   0x08003a7c   0x00000004   Code   RO         1112    i.USB_CoreInit      stm32f1xx_ll_usb.o
    0x08003a80   0x08003a80   0x0000010e   Code   RO         1114    i.USB_DeactivateEndpoint  stm32f1xx_ll_usb.o
    0x08003b8e   0x08003b8e   0x00000004   Code   RO         1115    i.USB_DevConnect    stm32f1xx_ll_usb.o
    0x08003b92   0x08003b92   0x00000004   Code   RO         1116    i.USB_DevDisconnect  stm32f1xx_ll_usb.o
    0x08003b96   0x08003b96   0x00000012   Code   RO         1117    i.USB_DevInit       stm32f1xx_ll_usb.o
    0x08003ba8   0x08003ba8   0x0000000e   Code   RO         1118    i.USB_DisableGlobalInt  stm32f1xx_ll_usb.o
    0x08003bb6   0x08003bb6   0x00000004   Code   RO         1119    i.USB_EP0_OutStart  stm32f1xx_ll_usb.o
    0x08003bba   0x08003bba   0x00000078   Code   RO         1120    i.USB_EPClearStall  stm32f1xx_ll_usb.o
    0x08003c32   0x08003c32   0x00000032   Code   RO         1121    i.USB_EPSetStall    stm32f1xx_ll_usb.o
    0x08003c64   0x08003c64   0x0000060c   Code   RO         1122    i.USB_EPStartXfer   stm32f1xx_ll_usb.o
    0x08004270   0x08004270   0x00000012   Code   RO         1123    i.USB_EnableGlobalInt  stm32f1xx_ll_usb.o
    0x08004282   0x08004282   0x00000002   PAD
    0x08004284   0x08004284   0x0000000c   Code   RO          702    i.USB_LP_CAN1_RX0_IRQHandler  stm32f1xx_it.o
    0x08004290   0x08004290   0x00000006   Code   RO         1130    i.USB_ReadInterrupts  stm32f1xx_ll_usb.o
    0x08004296   0x08004296   0x00000002   PAD
    0x08004298   0x08004298   0x0000002c   Code   RO         1131    i.USB_ReadPMA       stm32f1xx_ll_usb.o
    0x080042c4   0x080042c4   0x00000004   Code   RO         1132    i.USB_SetCurrentMode  stm32f1xx_ll_usb.o
    0x080042c8   0x080042c8   0x0000000c   Code   RO         1133    i.USB_SetDevAddress  stm32f1xx_ll_usb.o
    0x080042d4   0x080042d4   0x00000026   Code   RO         1135    i.USB_WritePMA      stm32f1xx_ll_usb.o
    0x080042fa   0x080042fa   0x00000002   Code   RO          703    i.UsageFault_Handler  stm32f1xx_it.o
    0x080042fc   0x080042fc   0x00000028   Code   RO         3605    i.__ARM_fpclassify  m_ws.l(fpclassify.o)
    0x08004324   0x08004324   0x00000020   Code   RO         1777    i.__NVIC_SetPriority  stm32f1xx_hal_cortex.o
    0x08004344   0x08004344   0x000000aa   Code   RO         3607    i.__kernel_poly     m_ws.l(poly.o)
    0x080043ee   0x080043ee   0x00000006   Code   RO         3561    i.__mathlib_dbl_infnan  m_ws.l(dunder.o)
    0x080043f4   0x080043f4   0x00000004   Code   RO         3562    i.__mathlib_dbl_infnan2  m_ws.l(dunder.o)
    0x080043f8   0x080043f8   0x00000010   Code   RO         3566    i.__mathlib_dbl_underflow  m_ws.l(dunder.o)
    0x08004408   0x08004408   0x0000000e   Code   RO         3615    i.__scatterload_copy  mc_w.l(handlers.o)
    0x08004416   0x08004416   0x00000002   Code   RO         3616    i.__scatterload_null  mc_w.l(handlers.o)
    0x08004418   0x08004418   0x0000000e   Code   RO         3617    i.__scatterload_zeroinit  mc_w.l(handlers.o)
    0x08004426   0x08004426   0x00000002   PAD
    0x08004428   0x08004428   0x00000220   Code   RO         3551    i.atan              m_ws.l(atan.o)
    0x08004648   0x08004648   0x00000180   Code   RO         3522    i.atan2             m_ws.l(atan2.o)
    0x080047c8   0x080047c8   0x00000124   Code   RO         3096    i.get_direction     hmc5883l.o
    0x080048ec   0x080048ec   0x0000005c   Code   RO         3097    i.get_direction_str  hmc5883l.o
    0x08004948   0x08004948   0x00000024   Code   RO         3098    i.i2cWrite          hmc5883l.o
    0x0800496c   0x0800496c   0x00000040   Code   RO           15    i.main              main.o
    0x080049ac   0x080049ac   0x00000010   Data   RO         3056    .constdata          system_stm32f1xx.o
    0x080049bc   0x080049bc   0x00000008   Data   RO         3057    .constdata          system_stm32f1xx.o
    0x080049c4   0x080049c4   0x00000004   PAD
    0x080049c8   0x080049c8   0x00000098   Data   RO         3552    .constdata          m_ws.l(atan.o)
    0x08004a60   0x08004a60   0x00000008   Data   RO         3574    .constdata          m_ws.l(qnan.o)
    0x08004a68   0x08004a68   0x00000020   Data   RO         3613    Region$$Table       anon$$obj.o


    Execution Region RW_IRAM1 (Exec base: 0x20000000, Load base: 0x08004a88, Size: 0x00001828, Max: 0x00005000, ABSOLUTE, COMPRESSED[0x000000c0])

    Exec Addr    Load Addr    Size         Type   Attr      Idx    E Section Name        Object

    0x20000000   COMPRESSED   0x00000004   Data   RW           19    .data               main.o
    0x20000004   COMPRESSED   0x0000001c   Data   RW          565    .data               usbd_desc.o
    0x20000020   COMPRESSED   0x00000032   Data   RW          566    .data               usbd_desc.o
    0x20000052   COMPRESSED   0x00000002   PAD
    0x20000054   COMPRESSED   0x00000010   Data   RW          648    .data               usbd_cdc_if.o
    0x20000064   COMPRESSED   0x0000000c   Data   RW         1314    .data               stm32f1xx_hal.o
    0x20000070   COMPRESSED   0x00000004   Data   RW         3058    .data               system_stm32f1xx.o
    0x20000074   COMPRESSED   0x00000001   Data   RW         3301    .data               usbd_ctlreq.o
    0x20000075   COMPRESSED   0x00000003   PAD
    0x20000078   COMPRESSED   0x000000d7   Data   RW         3433    .data               usbd_cdc.o
    0x2000014f   COMPRESSED   0x00000001   PAD
    0x20000150   COMPRESSED   0x00000038   Data   RW         3434    .data               usbd_cdc.o
    0x20000188        -       0x000000a8   Zero   RW          227    .bss                i2c.o
    0x20000230        -       0x00000058   Zero   RW          274    .bss                spi.o
    0x20000288        -       0x000002c4   Zero   RW          314    .bss                usb_device.o
    0x2000054c        -       0x0000050c   Zero   RW          376    .bss                usbd_conf.o
    0x20000a58        -       0x00000200   Zero   RW          564    .bss                usbd_desc.o
    0x20000c58        -       0x000007d0   Zero   RW          647    .bss                usbd_cdc_if.o
    0x20001428        -       0x00000400   Zero   RW            1    STACK               startup_stm32f103xb.o


==============================================================================

Image component sizes


      Code (inc. data)   RO Data    RW Data    ZI Data      Debug   Object Name

       212         22          0          0          0        939   gpio.o
       690        120          0          0          0       4630   hmc5883l.o
       268         44          0          0        168       2142   i2c.o
       162          8          0          4          0     420307   main.o
       160         20          0          0         88       1541   spi.o
        36          8        236          0       1024        788   startup_stm32f103xb.o
       164         28          0         12          0       5785   stm32f1xx_hal.o
       198         14          0          0          0      28851   stm32f1xx_hal_cortex.o
       490         34          0          0          0       2844   stm32f1xx_hal_gpio.o
      2262         56          0          0          0      12594   stm32f1xx_hal_i2c.o
        60          8          0          0          0        818   stm32f1xx_hal_msp.o
      2980          0          0          0          0      13673   stm32f1xx_hal_pcd.o
        60          0          0          0          0       1146   stm32f1xx_hal_pcd_ex.o
      1240         88          0          0          0       4561   stm32f1xx_hal_rcc.o
       236         12          0          0          0       1356   stm32f1xx_hal_rcc_ex.o
       178          0          0          0          0       1203   stm32f1xx_hal_spi.o
        32          6          0          0          0       4091   stm32f1xx_it.o
      2758          0          0          0          0      16319   stm32f1xx_ll_usb.o
         2          0         24          4          0       1051   system_stm32f1xx.o
        84         18          0          0        708        728   usb_device.o
       726         16          0        271          0      12794   usbd_cdc.o
       112         22          0         16       2000       3016   usbd_cdc_if.o
       556         30          0          0       1292      13097   usbd_conf.o
       670          0          0          0          0       9263   usbd_core.o
      1186         28          0          1          0       7796   usbd_ctlreq.o
       288        104          0         78        512       5513   usbd_desc.o
       132          0          0          0          0       4224   usbd_ioreq.o

    ----------------------------------------------------------------------
     15968        686        296        392       5792     581070   Object Totals
         0          0         32          0          0          0   (incl. Generated)
        26          0          4          6          0          0   (incl. Padding)

    ----------------------------------------------------------------------

      Code (inc. data)   RO Data    RW Data    ZI Data      Debug   Library Member Name

       544         70        152          0          0        124   atan.o
       384         38          0          0          0        144   atan2.o
        26          6          0          0          0        204   dunder.o
        40          0          0          0          0         68   fpclassify.o
       170          0          0          0          0         96   poly.o
         0          0          8          0          0          0   qnan.o
        86          0          0          0          0          0   __dczerorl2.o
         0          0          0          0          0          0   entry.o
         0          0          0          0          0          0   entry10a.o
         0          0          0          0          0          0   entry11a.o
         8          4          0          0          0          0   entry2.o
         4          0          0          0          0          0   entry5.o
         0          0          0          0          0          0   entry7b.o
         0          0          0          0          0          0   entry8b.o
         8          4          0          0          0          0   entry9a.o
        30          0          0          0          0          0   handlers.o
        36          8          0          0          0         68   init.o
         0          0          0          0          0          0   iusefp.o
        30          0          0          0          0         68   llshl.o
        36          0          0          0          0         68   llsshr.o
        32          0          0          0          0         68   llushr.o
        36          0          0          0          0         68   memcpya.o
        36          0          0          0          0        108   memseta.o
        48          0          0          0          0         68   cdcmple.o
        48          0          0          0          0         68   cdrcmple.o
       334          0          0          0          0        148   dadd.o
       222          0          0          0          0        100   ddiv.o
       186          0          0          0          0        176   depilogue.o
        34          0          0          0          0         76   dflti.o
       228          0          0          0          0         96   dmul.o
        46          0          0          0          0         80   dscalb.o

    ----------------------------------------------------------------------
      2656        130        160          0          0       1896   Library Totals
         4          0          0          0          0          0   (incl. Padding)

    ----------------------------------------------------------------------

      Code (inc. data)   RO Data    RW Data    ZI Data      Debug   Library Name

      1164        114        160          0          0        636   m_ws.l
       342         16          0          0          0        448   mc_w.l
      1146          0          0          0          0        812   mf_w.l

    ----------------------------------------------------------------------
      2656        130        160          0          0       1896   Library Totals

    ----------------------------------------------------------------------

==============================================================================


      Code (inc. data)   RO Data    RW Data    ZI Data      Debug   

     18624        816        456        392       5792     573786   Grand Totals
     18624        816        456        192       5792     573786   ELF Image Totals (compressed)
     18624        816        456        192          0          0   ROM Totals

==============================================================================

    Total RO  Size (Code + RO Data)                19080 (  18.63kB)
    Total RW  Size (RW Data + ZI Data)              6184 (   6.04kB)
    Total ROM Size (Code + RO Data + RW Data)      19272 (  18.82kB)

==============================================================================

